I, [2014-07-14T03:39:04.117104 #7615]  INFO -- :   Parameters: {"utf8"=>"", "authenticity_token"=>"BWJifNEnnLPolJuw9/EE/NczCryDqbOQRMNhG7FNHio=", "user_playing_game"=>{"user_id"=>"1", "game_id"=>"1", "is_playing"=>"false"}, "commit"=>"estoy jugando", "id"=>"5"}
I, [2014-07-14T03:39:04.125111 #7615]  INFO -- : Redirected to http://5.101.107.55/
I, [2014-07-14T03:39:04.125328 #7615]  INFO -- : Completed 302 Found in 8ms (ActiveRecord: 4.8ms)
I, [2014-07-14T03:39:04.286250 #7613]  INFO -- : Started GET "/" for 190.53.48.241 at 2014-07-14 03:39:04 +0000
I, [2014-07-14T03:39:04.287717 #7613]  INFO -- : Processing by HomeController#index as HTML
I, [2014-07-14T03:39:04.292151 #7613]  INFO -- :   Rendered home/index.html.erb within layouts/application (3.4ms)
I, [2014-07-14T03:39:04.293112 #7613]  INFO -- : Completed 200 OK in 5ms (Views: 4.0ms | ActiveRecord: 0.6ms)
I, [2014-07-14T03:39:04.501964 #7615]  INFO -- : Started GET "/assets/bunker_ac_logo.png" for 190.53.48.241 at 2014-07-14 03:39:04 +0000
I, [2014-07-14T03:39:05.447140 #7615]  INFO -- : Started PATCH "/user_playing_games/5" for 190.53.48.241 at 2014-07-14 03:39:05 +0000
I, [2014-07-14T03:39:05.448891 #7615]  INFO -- : Processing by UserPlayingGamesController#update as HTML
I, [2014-07-14T03:39:05.449034 #7615]  INFO -- :   Parameters: {"utf8"=>"", "authenticity_token"=>"BWJifNEnnLPolJuw9/EE/NczCryDqbOQRMNhG7FNHio=", "user_playing_game"=>{"user_id"=>"1", "game_id"=>"1", "is_playing"=>"true"}, "commit"=>"estoy jugando", "id"=>"5"}
I, [2014-07-14T03:39:05.472933 #7615]  INFO -- : Redirected to http://5.101.107.55/
I, [2014-07-14T03:39:05.473229 #7615]  INFO -- : Completed 302 Found in 24ms (ActiveRecord: 19.7ms)
I, [2014-07-14T03:39:05.650393 #7613]  INFO -- : Started GET "/" for 190.53.48.241 at 2014-07-14 03:39:05 +0000
I, [2014-07-14T03:39:05.651982 #7613]  INFO -- : Processing by HomeController#index as HTML
I, [2014-07-14T03:39:05.656776 #7613]  INFO -- :   Rendered home/index.html.erb within layouts/application (3.6ms)
I, [2014-07-14T03:39:05.657600 #7613]  INFO -- : Completed 200 OK in 5ms (Views: 4.1ms | ActiveRecord: 0.6ms)
I, [2014-07-14T03:39:06.373487 #7615]  INFO -- : Started GET "/assets/bunker_ac_logo.png" for 190.53.48.241 at 2014-07-14 03:39:06 +0000
I, [2014-07-14T03:45:14.403322 #7656]  INFO -- : Started GET "/" for 190.53.48.241 at 2014-07-14 03:45:14 +0000
I, [2014-07-14T03:45:14.411886 #7656]  INFO -- : Processing by HomeController#index as HTML
I, [2014-07-14T03:45:14.557009 #7656]  INFO -- :   Rendered home/index.html.erb within layouts/application (134.9ms)
I, [2014-07-14T03:45:14.558799 #7656]  INFO -- : Completed 200 OK in 147ms (Views: 133.7ms | ActiveRecord: 4.6ms)
I, [2014-07-14T03:45:14.745202 #7653]  INFO -- : Started GET "/assets/bunker_ac_logo.png" for 190.53.48.241 at 2014-07-14 03:45:14 +0000
I, [2014-07-14T03:45:17.871850 #7656]  INFO -- : Started PATCH "/user_playing_games/5" for 190.53.48.241 at 2014-07-14 03:45:17 +0000
I, [2014-07-14T03:45:17.874949 #7656]  INFO -- : Processing by UserPlayingGamesController#update as HTML
I, [2014-07-14T03:45:17.875047 #7656]  INFO -- :   Parameters: {"utf8"=>"", "authenticity_token"=>"BWJifNEnnLPolJuw9/EE/NczCryDqbOQRMNhG7FNHio=", "user_playing_game"=>{"user_id"=>"1", "game_id"=>"1", "is_playing"=>"false"}, "commit"=>"jugar", "id"=>"5"}
I, [2014-07-14T03:45:17.888447 #7656]  INFO -- : Redirected to http://5.101.107.55/
I, [2014-07-14T03:45:17.888690 #7656]  INFO -- : Completed 302 Found in 13ms (ActiveRecord: 7.7ms)
I, [2014-07-14T03:45:18.121357 #7653]  INFO -- : Started GET "/" for 190.53.48.241 at 2014-07-14 03:45:18 +0000
I, [2014-07-14T03:45:18.124148 #7653]  INFO -- : Processing by HomeController#index as HTML
I, [2014-07-14T03:45:18.167296 #7653]  INFO -- :   Rendered home/index.html.erb within layouts/application (33.0ms)
I, [2014-07-14T03:45:18.169142 #7653]  INFO -- : Completed 200 OK in 45ms (Views: 31.9ms | ActiveRecord: 4.5ms)
I, [2014-07-14T03:45:18.631649 #7656]  INFO -- : Started GET "/assets/bunker_ac_logo.png" for 190.53.48.241 at 2014-07-14 03:45:18 +0000
I, [2014-07-14T03:45:20.614625 #7653]  INFO -- : Started PATCH "/user_playing_games/5" for 190.53.48.241 at 2014-07-14 03:45:20 +0000
I, [2014-07-14T03:45:20.617359 #7653]  INFO -- : Processing by UserPlayingGamesController#update as HTML
I, [2014-07-14T03:45:20.617449 #7653]  INFO -- :   Parameters: {"utf8"=>"", "authenticity_token"=>"BWJifNEnnLPolJuw9/EE/NczCryDqbOQRMNhG7FNHio=", "user_playing_game"=>{"user_id"=>"1", "game_id"=>"1", "is_playing"=>"true"}, "commit"=>"dejar de jugar", "id"=>"5"}
I, [2014-07-14T03:45:20.634837 #7653]  INFO -- : Redirected to http://5.101.107.55/
I, [2014-07-14T03:45:20.635155 #7653]  INFO -- : Completed 302 Found in 18ms (ActiveRecord: 11.5ms)
I, [2014-07-14T03:45:20.789276 #7656]  INFO -- : Started GET "/" for 190.53.48.241 at 2014-07-14 03:45:20 +0000
I, [2014-07-14T03:45:20.793120 #7656]  INFO -- : Processing by HomeController#index as HTML
I, [2014-07-14T03:45:20.802429 #7656]  INFO -- :   Rendered home/index.html.erb within layouts/application (7.1ms)
I, [2014-07-14T03:45:20.803867 #7656]  INFO -- : Completed 200 OK in 11ms (Views: 8.1ms | ActiveRecord: 1.0ms)
I, [2014-07-14T03:45:21.017678 #7653]  INFO -- : Started GET "/assets/bunker_ac_logo.png" for 190.53.48.241 at 2014-07-14 03:45:21 +0000
I, [2014-07-14T04:01:04.455250 #7694]  INFO -- : Started GET "/" for 190.53.48.241 at 2014-07-14 04:01:04 +0000
I, [2014-07-14T04:01:04.476895 #7694]  INFO -- : Processing by HomeController#index as HTML
I, [2014-07-14T04:01:04.500960 #7694]  INFO -- :   Rendered home/index.html.erb within layouts/application (5.5ms)
I, [2014-07-14T04:01:04.501222 #7694]  INFO -- : Completed 500 Internal Server Error in 24ms
F, [2014-07-14T04:01:04.508932 #7694] FATAL -- : 
ActionView::Template::Error (/home/rails/app/views/home/index.html.erb:51: syntax error, unexpected keyword_else, expecting keyword_end
   else 
       ^
/home/rails/app/views/home/index.html.erb:56: syntax error, unexpected keyword_ensure, expecting keyword_end
/home/rails/app/views/home/index.html.erb:58: syntax error, unexpected end-of-input, expecting keyword_end):
    48:       <%end%>
    49: 
    50:     <% end %>
    51:   <% else %>
    52:     
    53:   <% end %>
  actionpack (4.0.2) lib/action_view/template.rb:299:in `module_eval'
  actionpack (4.0.2) lib/action_view/template.rb:299:in `compile'
  actionpack (4.0.2) lib/action_view/template.rb:248:in `block in compile!'
  actionpack (4.0.2) lib/action_view/template.rb:236:in `synchronize'
  actionpack (4.0.2) lib/action_view/template.rb:236:in `compile!'
  actionpack (4.0.2) lib/action_view/template.rb:142:in `block in render'
  activesupport (4.0.2) lib/active_support/notifications.rb:161:in `instrument'
  actionpack (4.0.2) lib/action_view/template.rb:141:in `render'
  actionpack (4.0.2) lib/action_view/renderer/template_renderer.rb:49:in `block (2 levels) in render_template'
  actionpack (4.0.2) lib/action_view/renderer/abstract_renderer.rb:38:in `block in instrument'
  activesupport (4.0.2) lib/active_support/notifications.rb:159:in `block in instrument'
  activesupport (4.0.2) lib/active_support/notifications/instrumenter.rb:20:in `instrument'
  activesupport (4.0.2) lib/active_support/notifications.rb:159:in `instrument'
  actionpack (4.0.2) lib/action_view/renderer/abstract_renderer.rb:38:in `instrument'
  actionpack (4.0.2) lib/action_view/renderer/template_renderer.rb:48:in `block in render_template'
  actionpack (4.0.2) lib/action_view/renderer/template_renderer.rb:56:in `render_with_layout'
  actionpack (4.0.2) lib/action_view/renderer/template_renderer.rb:47:in `render_template'
  actionpack (4.0.2) lib/action_view/renderer/template_renderer.rb:17:in `render'
  actionpack (4.0.2) lib/action_view/renderer/renderer.rb:42:in `render_template'
  actionpack (4.0.2) lib/action_view/renderer/renderer.rb:23:in `render'
  actionpack (4.0.2) lib/abstract_controller/rendering.rb:127:in `_render_template'
  actionpack (4.0.2) lib/action_controller/metal/streaming.rb:219:in `_render_template'
  actionpack (4.0.2) lib/abstract_controller/rendering.rb:120:in `render_to_body'
  actionpack (4.0.2) lib/action_controller/metal/rendering.rb:33:in `render_to_body'
  actionpack (4.0.2) lib/action_controller/metal/renderers.rb:26:in `render_to_body'
  actionpack (4.0.2) lib/abstract_controller/rendering.rb:97:in `render'
  actionpack (4.0.2) lib/action_controller/metal/rendering.rb:16:in `render'
  actionpack (4.0.2) lib/action_controller/metal/instrumentation.rb:41:in `block (2 levels) in render'
  activesupport (4.0.2) lib/active_support/core_ext/benchmark.rb:12:in `block in ms'
  /usr/local/rvm/rubies/ruby-2.0.0-p353/lib/ruby/2.0.0/benchmark.rb:296:in `realtime'
  activesupport (4.0.2) lib/active_support/core_ext/benchmark.rb:12:in `ms'
  actionpack (4.0.2) lib/action_controller/metal/instrumentation.rb:41:in `block in render'
  actionpack (4.0.2) lib/action_controller/metal/instrumentation.rb:84:in `cleanup_view_runtime'
  activerecord (4.0.2) lib/active_record/railties/controller_runtime.rb:25:in `cleanup_view_runtime'
  actionpack (4.0.2) lib/action_controller/metal/instrumentation.rb:40:in `render'
  actionpack (4.0.2) lib/action_controller/metal/implicit_render.rb:10:in `default_render'
  actionpack (4.0.2) lib/action_controller/metal/implicit_render.rb:5:in `send_action'
  actionpack (4.0.2) lib/abstract_controller/base.rb:189:in `process_action'
  actionpack (4.0.2) lib/action_controller/metal/rendering.rb:10:in `process_action'
  actionpack (4.0.2) lib/abstract_controller/callbacks.rb:18:in `block in process_action'
  activesupport (4.0.2) lib/active_support/callbacks.rb:403:in `_run__3849423185502585068__process_action__callbacks'
  activesupport (4.0.2) lib/active_support/callbacks.rb:80:in `run_callbacks'
  actionpack (4.0.2) lib/abstract_controller/callbacks.rb:17:in `process_action'
  actionpack (4.0.2) lib/action_controller/metal/rescue.rb:29:in `process_action'
  actionpack (4.0.2) lib/action_controller/metal/instrumentation.rb:31:in `block in process_action'
  activesupport (4.0.2) lib/active_support/notifications.rb:159:in `block in instrument'
  activesupport (4.0.2) lib/active_support/notifications/instrumenter.rb:20:in `instrument'
  activesupport (4.0.2) lib/active_support/notifications.rb:159:in `instrument'
  actionpack (4.0.2) lib/action_controller/metal/instrumentation.rb:30:in `process_action'
  actionpack (4.0.2) lib/action_controller/metal/params_wrapper.rb:245:in `process_action'
  activerecord (4.0.2) lib/active_record/railties/controller_runtime.rb:18:in `process_action'
  actionpack (4.0.2) lib/abstract_controller/base.rb:136:in `process'
  actionpack (4.0.2) lib/abstract_controller/rendering.rb:44:in `process'
  actionpack (4.0.2) lib/action_controller/metal.rb:195:in `dispatch'
  actionpack (4.0.2) lib/action_controller/metal/rack_delegation.rb:13:in `dispatch'
  actionpack (4.0.2) lib/action_controller/metal.rb:231:in `block in action'
  actionpack (4.0.2) lib/action_dispatch/routing/route_set.rb:80:in `call'
  actionpack (4.0.2) lib/action_dispatch/routing/route_set.rb:80:in `dispatch'
  actionpack (4.0.2) lib/action_dispatch/routing/route_set.rb:48:in `call'
  actionpack (4.0.2) lib/action_dispatch/journey/router.rb:71:in `block in call'
  actionpack (4.0.2) lib/action_dispatch/journey/router.rb:59:in `each'
  actionpack (4.0.2) lib/action_dispatch/journey/router.rb:59:in `call'
  actionpack (4.0.2) lib/action_dispatch/routing/route_set.rb:680:in `call'
  omniauth (1.2.2) lib/omniauth/strategy.rb:186:in `call!'
  omniauth (1.2.2) lib/omniauth/strategy.rb:164:in `call'
  omniauth (1.2.2) lib/omniauth/builder.rb:59:in `call'
  rack (1.5.2) lib/rack/etag.rb:23:in `call'
  rack (1.5.2) lib/rack/conditionalget.rb:25:in `call'
  rack (1.5.2) lib/rack/head.rb:11:in `call'
  actionpack (4.0.2) lib/action_dispatch/middleware/params_parser.rb:27:in `call'
  actionpack (4.0.2) lib/action_dispatch/middleware/flash.rb:241:in `call'
  rack (1.5.2) lib/rack/session/abstract/id.rb:225:in `context'
  rack (1.5.2) lib/rack/session/abstract/id.rb:220:in `call'
  actionpack (4.0.2) lib/action_dispatch/middleware/cookies.rb:486:in `call'
  activerecord (4.0.2) lib/active_record/query_cache.rb:36:in `call'
  activerecord (4.0.2) lib/active_record/connection_adapters/abstract/connection_pool.rb:626:in `call'
  actionpack (4.0.2) lib/action_dispatch/middleware/callbacks.rb:29:in `block in call'
  activesupport (4.0.2) lib/active_support/callbacks.rb:373:in `_run__2387653742229184128__call__callbacks'
  activesupport (4.0.2) lib/active_support/callbacks.rb:80:in `run_callbacks'
  actionpack (4.0.2) lib/action_dispatch/middleware/callbacks.rb:27:in `call'
  actionpack (4.0.2) lib/action_dispatch/middleware/remote_ip.rb:76:in `call'
  actionpack (4.0.2) lib/action_dispatch/middleware/debug_exceptions.rb:17:in `call'
  actionpack (4.0.2) lib/action_dispatch/middleware/show_exceptions.rb:30:in `call'
  railties (4.0.2) lib/rails/rack/logger.rb:38:in `call_app'
  railties (4.0.2) lib/rails/rack/logger.rb:20:in `block in call'
  activesupport (4.0.2) lib/active_support/tagged_logging.rb:67:in `block in tagged'
  activesupport (4.0.2) lib/active_support/tagged_logging.rb:25:in `tagged'
  activesupport (4.0.2) lib/active_support/tagged_logging.rb:67:in `tagged'
  railties (4.0.2) lib/rails/rack/logger.rb:20:in `call'
  actionpack (4.0.2) lib/action_dispatch/middleware/request_id.rb:21:in `call'
  rack (1.5.2) lib/rack/methodoverride.rb:21:in `call'
  rack (1.5.2) lib/rack/runtime.rb:17:in `call'
  activesupport (4.0.2) lib/active_support/cache/strategy/local_cache.rb:83:in `call'
  rack (1.5.2) lib/rack/sendfile.rb:112:in `call'
  railties (4.0.2) lib/rails/engine.rb:511:in `call'
  railties (4.0.2) lib/rails/application.rb:97:in `call'
  unicorn (4.7.0) lib/unicorn/http_server.rb:580:in `process_client'
  unicorn (4.7.0) lib/unicorn/http_server.rb:660:in `worker_loop'
  unicorn (4.7.0) lib/unicorn/http_server.rb:527:in `spawn_missing_workers'
  unicorn (4.7.0) lib/unicorn/http_server.rb:153:in `start'
  unicorn (4.7.0) bin/unicorn:126:in `<top (required)>'
  /usr/local/rvm/gems/ruby-2.0.0-p353/bin/unicorn:23:in `load'
  /usr/local/rvm/gems/ruby-2.0.0-p353/bin/unicorn:23:in `<main>'
  /usr/local/rvm/gems/ruby-2.0.0-p353/bin/ruby_executable_hooks:15:in `eval'
  /usr/local/rvm/gems/ruby-2.0.0-p353/bin/ruby_executable_hooks:15:in `<main>'


I, [2014-07-14T04:03:26.648544 #7738]  INFO -- : Started GET "/" for 190.53.48.241 at 2014-07-14 04:03:26 +0000
I, [2014-07-14T04:03:26.671759 #7738]  INFO -- : Processing by HomeController#index as HTML
I, [2014-07-14T04:03:26.774181 #7738]  INFO -- :   Rendered home/index.html.erb within layouts/application (77.1ms)
I, [2014-07-14T04:03:26.778201 #7738]  INFO -- : Completed 200 OK in 106ms (Views: 75.2ms | ActiveRecord: 10.0ms)
I, [2014-07-14T04:03:27.442483 #7736]  INFO -- : Started GET "/assets/bunker_ac_logo.png" for 190.53.48.241 at 2014-07-14 04:03:27 +0000
I, [2014-07-14T04:03:30.810995 #7738]  INFO -- : Started PATCH "/user_playing_games/5" for 190.53.48.241 at 2014-07-14 04:03:30 +0000
I, [2014-07-14T04:03:30.813806 #7738]  INFO -- : Processing by UserPlayingGamesController#update as HTML
I, [2014-07-14T04:03:30.813899 #7738]  INFO -- :   Parameters: {"utf8"=>"", "authenticity_token"=>"BWJifNEnnLPolJuw9/EE/NczCryDqbOQRMNhG7FNHio=", "user_playing_game"=>{"user_id"=>"1", "game_id"=>"1", "is_playing"=>"false"}, "commit"=>"dejar de jugar", "id"=>"5"}
I, [2014-07-14T04:03:30.825392 #7738]  INFO -- : Redirected to http://5.101.107.55/
I, [2014-07-14T04:03:30.825682 #7738]  INFO -- : Completed 302 Found in 12ms (ActiveRecord: 6.0ms)
I, [2014-07-14T04:03:30.993339 #7736]  INFO -- : Started GET "/" for 190.53.48.241 at 2014-07-14 04:03:30 +0000
I, [2014-07-14T04:03:30.996609 #7736]  INFO -- : Processing by HomeController#index as HTML
I, [2014-07-14T04:03:31.042135 #7736]  INFO -- :   Rendered home/index.html.erb within layouts/application (34.8ms)
I, [2014-07-14T04:03:31.044082 #7736]  INFO -- : Completed 200 OK in 47ms (Views: 33.8ms | ActiveRecord: 4.7ms)
I, [2014-07-14T04:03:31.281323 #7738]  INFO -- : Started GET "/assets/bunker_ac_logo.png" for 190.53.48.241 at 2014-07-14 04:03:31 +0000
I, [2014-07-14T04:03:33.450527 #7736]  INFO -- : Started PATCH "/user_playing_games/5" for 190.53.48.241 at 2014-07-14 04:03:33 +0000
I, [2014-07-14T04:03:33.453897 #7736]  INFO -- : Processing by UserPlayingGamesController#update as HTML
I, [2014-07-14T04:03:33.453991 #7736]  INFO -- :   Parameters: {"utf8"=>"", "authenticity_token"=>"BWJifNEnnLPolJuw9/EE/NczCryDqbOQRMNhG7FNHio=", "user_playing_game"=>{"user_id"=>"1", "game_id"=>"1", "is_playing"=>"true"}, "commit"=>"jugar", "id"=>"5"}
I, [2014-07-14T04:03:33.467599 #7736]  INFO -- : Redirected to http://5.101.107.55/
I, [2014-07-14T04:03:33.467908 #7736]  INFO -- : Completed 302 Found in 14ms (ActiveRecord: 7.5ms)
I, [2014-07-14T04:03:34.099620 #7738]  INFO -- : Started GET "/" for 190.53.48.241 at 2014-07-14 04:03:34 +0000
I, [2014-07-14T04:03:34.102435 #7738]  INFO -- : Processing by HomeController#index as HTML
I, [2014-07-14T04:03:34.108527 #7738]  INFO -- :   Rendered home/index.html.erb within layouts/application (4.6ms)
I, [2014-07-14T04:03:34.109614 #7738]  INFO -- : Completed 200 OK in 7ms (Views: 5.5ms | ActiveRecord: 0.6ms)
I, [2014-07-14T04:03:34.333080 #7736]  INFO -- : Started GET "/assets/bunker_ac_logo.png" for 190.53.48.241 at 2014-07-14 04:03:34 +0000
I, [2014-07-14T04:04:20.529646 #7736]  INFO -- : Started PATCH "/user_playing_games/5" for 190.53.48.241 at 2014-07-14 04:04:20 +0000
I, [2014-07-14T04:04:20.531929 #7736]  INFO -- : Processing by UserPlayingGamesController#update as HTML
I, [2014-07-14T04:04:20.532008 #7736]  INFO -- :   Parameters: {"utf8"=>"", "authenticity_token"=>"BWJifNEnnLPolJuw9/EE/NczCryDqbOQRMNhG7FNHio=", "user_playing_game"=>{"user_id"=>"1", "game_id"=>"1", "is_playing"=>"false"}, "commit"=>"dejar de jugar", "id"=>"5"}
I, [2014-07-14T04:04:20.541377 #7736]  INFO -- : Redirected to http://5.101.107.55/
I, [2014-07-14T04:04:20.541577 #7736]  INFO -- : Completed 302 Found in 9ms (ActiveRecord: 5.8ms)
I, [2014-07-14T04:04:21.293702 #7738]  INFO -- : Started GET "/" for 190.53.48.241 at 2014-07-14 04:04:21 +0000
I, [2014-07-14T04:04:21.295766 #7738]  INFO -- : Processing by HomeController#index as HTML
I, [2014-07-14T04:04:21.302472 #7738]  INFO -- :   Rendered home/index.html.erb within layouts/application (5.2ms)
I, [2014-07-14T04:04:21.303700 #7738]  INFO -- : Completed 200 OK in 8ms (Views: 5.9ms | ActiveRecord: 0.9ms)
I, [2014-07-14T04:04:21.588880 #7736]  INFO -- : Started GET "/assets/bunker_ac_logo.png" for 190.53.48.241 at 2014-07-14 04:04:21 +0000
I, [2014-07-14T04:04:23.969567 #7736]  INFO -- : Started PATCH "/user_playing_games/5" for 190.53.48.241 at 2014-07-14 04:04:23 +0000
I, [2014-07-14T04:04:23.971268 #7736]  INFO -- : Processing by UserPlayingGamesController#update as HTML
I, [2014-07-14T04:04:23.971379 #7736]  INFO -- :   Parameters: {"utf8"=>"", "authenticity_token"=>"BWJifNEnnLPolJuw9/EE/NczCryDqbOQRMNhG7FNHio=", "user_playing_game"=>{"user_id"=>"1", "game_id"=>"1", "is_playing"=>"true"}, "commit"=>"jugar", "id"=>"5"}
I, [2014-07-14T04:04:23.981391 #7736]  INFO -- : Redirected to http://5.101.107.55/
I, [2014-07-14T04:04:23.981607 #7736]  INFO -- : Completed 302 Found in 10ms (ActiveRecord: 7.0ms)
I, [2014-07-14T04:04:24.728892 #7738]  INFO -- : Started GET "/" for 190.53.48.241 at 2014-07-14 04:04:24 +0000
I, [2014-07-14T04:04:24.730445 #7738]  INFO -- : Processing by HomeController#index as HTML
I, [2014-07-14T04:04:24.734795 #7738]  INFO -- :   Rendered home/index.html.erb within layouts/application (3.3ms)
I, [2014-07-14T04:04:24.735563 #7738]  INFO -- : Completed 200 OK in 5ms (Views: 3.7ms | ActiveRecord: 0.6ms)
I, [2014-07-14T04:04:24.941272 #7736]  INFO -- : Started GET "/assets/bunker_ac_logo.png" for 190.53.48.241 at 2014-07-14 04:04:24 +0000
I, [2014-07-14T04:04:45.568506 #7736]  INFO -- : Started GET "/" for 190.53.48.241 at 2014-07-14 04:04:45 +0000
I, [2014-07-14T04:04:45.572116 #7736]  INFO -- : Processing by HomeController#index as HTML
I, [2014-07-14T04:04:45.574161 #7736]  INFO -- :   Rendered home/index.html.erb within layouts/application (0.2ms)
I, [2014-07-14T04:04:45.576049 #7736]  INFO -- : Completed 200 OK in 4ms (Views: 2.8ms | ActiveRecord: 0.0ms)
I, [2014-07-14T04:04:47.690523 #7738]  INFO -- : Started GET "/assets/bunker_ac_logo.png" for 190.53.48.241 at 2014-07-14 04:04:47 +0000
I, [2014-07-14T04:04:51.753515 #7738]  INFO -- : Started GET "/auth/facebook" for 190.53.48.241 at 2014-07-14 04:04:51 +0000
I, [2014-07-14T04:04:51.754246 #7738]  INFO -- : (facebook) Request phase initiated.
I, [2014-07-14T04:04:52.536854 #7736]  INFO -- : Started GET "/auth/facebook/callback?code=AQBlWVH6HPhsmt11YppiILUfE9x1Iuu6JiCLKL93eQKxljSC1y2fBVFOuXrjdpiWI_TWSkZvW7iT2kSHnNBkp9mBwYiw_wMS_BZ6kY92oiZaXdCAENFr0YqLRsxe_yd6wXpW4kJS6coAGsj27TaOCe9uBLqAVn0ijisycg5hJyeUlWq8azeJrIxSbRepbsAHNa8USDAkiMv-zBYE6cruOeU9QcI6uDbdwVdV33y-w9Acq_2bDGNqG0VVpoSxuttmvVc0tJPn1ecbOviQu12X4BcJ-c5Jq_sewplwcrgEmVdk7hjP1aCNhhl8oHIUWJyJLus" for 190.53.48.241 at 2014-07-14 04:04:52 +0000
I, [2014-07-14T04:04:52.537537 #7736]  INFO -- : (facebook) Callback phase initiated.
I, [2014-07-14T04:04:52.935529 #7736]  INFO -- : Processing by SessionsController#create as HTML
I, [2014-07-14T04:04:52.935765 #7736]  INFO -- :   Parameters: {"code"=>"AQBlWVH6HPhsmt11YppiILUfE9x1Iuu6JiCLKL93eQKxljSC1y2fBVFOuXrjdpiWI_TWSkZvW7iT2kSHnNBkp9mBwYiw_wMS_BZ6kY92oiZaXdCAENFr0YqLRsxe_yd6wXpW4kJS6coAGsj27TaOCe9uBLqAVn0ijisycg5hJyeUlWq8azeJrIxSbRepbsAHNa8USDAkiMv-zBYE6cruOeU9QcI6uDbdwVdV33y-w9Acq_2bDGNqG0VVpoSxuttmvVc0tJPn1ecbOviQu12X4BcJ-c5Jq_sewplwcrgEmVdk7hjP1aCNhhl8oHIUWJyJLus", "provider"=>"facebook"}
I, [2014-07-14T04:04:52.947131 #7736]  INFO -- : Redirected to http://5.101.107.55/
I, [2014-07-14T04:04:52.947423 #7736]  INFO -- : Completed 302 Found in 11ms (ActiveRecord: 4.5ms)
I, [2014-07-14T04:04:53.585562 #7738]  INFO -- : Started GET "/" for 190.53.48.241 at 2014-07-14 04:04:53 +0000
I, [2014-07-14T04:04:53.588270 #7738]  INFO -- : Processing by HomeController#index as HTML
I, [2014-07-14T04:04:53.594106 #7738]  INFO -- :   Rendered home/index.html.erb within layouts/application (4.5ms)
I, [2014-07-14T04:04:53.595251 #7738]  INFO -- : Completed 200 OK in 7ms (Views: 5.4ms | ActiveRecord: 0.6ms)
I, [2014-07-14T04:05:01.368946 #7736]  INFO -- : Started POST "/user_playing_games" for 190.53.48.241 at 2014-07-14 04:05:01 +0000
I, [2014-07-14T04:05:01.371309 #7736]  INFO -- : Processing by UserPlayingGamesController#create as HTML
I, [2014-07-14T04:05:01.371407 #7736]  INFO -- :   Parameters: {"utf8"=>"", "authenticity_token"=>"iUWW5nnfA+1XdQqU7R1HNL3F1WoVeywiBL9yFXyIXxA=", "user_playing_game"=>{"user_id"=>"2", "game_id"=>"1", "is_playing"=>"true"}, "commit"=>"jugar"}
I, [2014-07-14T04:05:01.379647 #7736]  INFO -- : Redirected to http://5.101.107.55/
I, [2014-07-14T04:05:01.379896 #7736]  INFO -- : Completed 302 Found in 8ms (ActiveRecord: 4.6ms)
I, [2014-07-14T04:05:01.537251 #7738]  INFO -- : Started GET "/" for 190.53.48.241 at 2014-07-14 04:05:01 +0000
I, [2014-07-14T04:05:01.538879 #7738]  INFO -- : Processing by HomeController#index as HTML
I, [2014-07-14T04:05:01.543555 #7738]  INFO -- :   Rendered home/index.html.erb within layouts/application (3.6ms)
I, [2014-07-14T04:05:01.544354 #7738]  INFO -- : Completed 200 OK in 5ms (Views: 4.1ms | ActiveRecord: 0.6ms)
I, [2014-07-14T04:05:09.000593 #7736]  INFO -- : Started PATCH "/user_playing_games/6" for 190.53.48.241 at 2014-07-14 04:05:09 +0000
I, [2014-07-14T04:05:09.002797 #7736]  INFO -- : Processing by UserPlayingGamesController#update as HTML
I, [2014-07-14T04:05:09.002893 #7736]  INFO -- :   Parameters: {"utf8"=>"", "authenticity_token"=>"iUWW5nnfA+1XdQqU7R1HNL3F1WoVeywiBL9yFXyIXxA=", "user_playing_game"=>{"user_id"=>"2", "game_id"=>"1", "is_playing"=>"false"}, "commit"=>"dejar de jugar", "id"=>"6"}
I, [2014-07-14T04:05:09.012149 #7736]  INFO -- : Redirected to http://5.101.107.55/
I, [2014-07-14T04:05:09.012574 #7736]  INFO -- : Completed 302 Found in 10ms (ActiveRecord: 5.7ms)
I, [2014-07-14T04:05:09.174387 #7738]  INFO -- : Started GET "/" for 190.53.48.241 at 2014-07-14 04:05:09 +0000
I, [2014-07-14T04:05:09.175999 #7738]  INFO -- : Processing by HomeController#index as HTML
I, [2014-07-14T04:05:09.181066 #7738]  INFO -- :   Rendered home/index.html.erb within layouts/application (3.9ms)
I, [2014-07-14T04:05:09.181921 #7738]  INFO -- : Completed 200 OK in 6ms (Views: 4.3ms | ActiveRecord: 0.7ms)
I, [2014-07-14T04:05:13.277404 #7736]  INFO -- : Started PATCH "/user_playing_games/6" for 190.53.48.241 at 2014-07-14 04:05:13 +0000
I, [2014-07-14T04:05:13.278961 #7736]  INFO -- : Processing by UserPlayingGamesController#update as HTML
I, [2014-07-14T04:05:13.279037 #7736]  INFO -- :   Parameters: {"utf8"=>"", "authenticity_token"=>"iUWW5nnfA+1XdQqU7R1HNL3F1WoVeywiBL9yFXyIXxA=", "user_playing_game"=>{"user_id"=>"2", "game_id"=>"1", "is_playing"=>"true"}, "commit"=>"jugar", "id"=>"6"}
I, [2014-07-14T04:05:13.287665 #7736]  INFO -- : Redirected to http://5.101.107.55/
I, [2014-07-14T04:05:13.287897 #7736]  INFO -- : Completed 302 Found in 9ms (ActiveRecord: 5.9ms)
I, [2014-07-14T04:05:13.446769 #7738]  INFO -- : Started GET "/" for 190.53.48.241 at 2014-07-14 04:05:13 +0000
I, [2014-07-14T04:05:13.448970 #7738]  INFO -- : Processing by HomeController#index as HTML
I, [2014-07-14T04:05:13.455504 #7738]  INFO -- :   Rendered home/index.html.erb within layouts/application (5.0ms)
I, [2014-07-14T04:05:13.456735 #7738]  INFO -- : Completed 200 OK in 8ms (Views: 5.7ms | ActiveRecord: 0.9ms)
I, [2014-07-14T04:05:16.789523 #7736]  INFO -- : Started PATCH "/user_playing_games/6" for 190.53.48.241 at 2014-07-14 04:05:16 +0000
I, [2014-07-14T04:05:16.791324 #7736]  INFO -- : Processing by UserPlayingGamesController#update as HTML
I, [2014-07-14T04:05:16.791404 #7736]  INFO -- :   Parameters: {"utf8"=>"", "authenticity_token"=>"iUWW5nnfA+1XdQqU7R1HNL3F1WoVeywiBL9yFXyIXxA=", "user_playing_game"=>{"user_id"=>"2", "game_id"=>"1", "is_playing"=>"false"}, "commit"=>"dejar de jugar", "id"=>"6"}
I, [2014-07-14T04:05:16.799781 #7736]  INFO -- : Redirected to http://5.101.107.55/
I, [2014-07-14T04:05:16.799964 #7736]  INFO -- : Completed 302 Found in 8ms (ActiveRecord: 5.6ms)
I, [2014-07-14T04:05:16.958379 #7738]  INFO -- : Started GET "/" for 190.53.48.241 at 2014-07-14 04:05:16 +0000
I, [2014-07-14T04:05:16.960048 #7738]  INFO -- : Processing by HomeController#index as HTML
I, [2014-07-14T04:05:16.964830 #7738]  INFO -- :   Rendered home/index.html.erb within layouts/application (3.7ms)
I, [2014-07-14T04:05:16.965735 #7738]  INFO -- : Completed 200 OK in 6ms (Views: 4.1ms | ActiveRecord: 0.6ms)
I, [2014-07-14T04:05:18.061523 #7736]  INFO -- : Started PATCH "/user_playing_games/6" for 190.53.48.241 at 2014-07-14 04:05:18 +0000
I, [2014-07-14T04:05:18.063686 #7736]  INFO -- : Processing by UserPlayingGamesController#update as HTML
I, [2014-07-14T04:05:18.063807 #7736]  INFO -- :   Parameters: {"utf8"=>"", "authenticity_token"=>"iUWW5nnfA+1XdQqU7R1HNL3F1WoVeywiBL9yFXyIXxA=", "user_playing_game"=>{"user_id"=>"2", "game_id"=>"1", "is_playing"=>"true"}, "commit"=>"jugar", "id"=>"6"}
I, [2014-07-14T04:05:18.073717 #7736]  INFO -- : Redirected to http://5.101.107.55/
I, [2014-07-14T04:05:18.073915 #7736]  INFO -- : Completed 302 Found in 10ms (ActiveRecord: 6.7ms)
I, [2014-07-14T04:05:18.374141 #7738]  INFO -- : Started GET "/" for 190.53.48.241 at 2014-07-14 04:05:18 +0000
I, [2014-07-14T04:05:18.375791 #7738]  INFO -- : Processing by HomeController#index as HTML
I, [2014-07-14T04:05:18.380479 #7738]  INFO -- :   Rendered home/index.html.erb within layouts/application (3.5ms)
I, [2014-07-14T04:05:18.381315 #7738]  INFO -- : Completed 200 OK in 5ms (Views: 4.0ms | ActiveRecord: 0.7ms)
I, [2014-07-14T04:05:19.921478 #7736]  INFO -- : Started PATCH "/user_playing_games/6" for 190.53.48.241 at 2014-07-14 04:05:19 +0000
I, [2014-07-14T04:05:19.923329 #7736]  INFO -- : Processing by UserPlayingGamesController#update as HTML
I, [2014-07-14T04:05:19.923430 #7736]  INFO -- :   Parameters: {"utf8"=>"", "authenticity_token"=>"iUWW5nnfA+1XdQqU7R1HNL3F1WoVeywiBL9yFXyIXxA=", "user_playing_game"=>{"user_id"=>"2", "game_id"=>"1", "is_playing"=>"false"}, "commit"=>"dejar de jugar", "id"=>"6"}
I, [2014-07-14T04:05:19.935028 #7736]  INFO -- : Redirected to http://5.101.107.55/
I, [2014-07-14T04:05:19.935475 #7736]  INFO -- : Completed 302 Found in 12ms (ActiveRecord: 7.2ms)
I, [2014-07-14T04:05:20.097773 #7738]  INFO -- : Started GET "/" for 190.53.48.241 at 2014-07-14 04:05:20 +0000
I, [2014-07-14T04:05:20.099425 #7738]  INFO -- : Processing by HomeController#index as HTML
I, [2014-07-14T04:05:20.103996 #7738]  INFO -- :   Rendered home/index.html.erb within layouts/application (3.5ms)
I, [2014-07-14T04:05:20.104888 #7738]  INFO -- : Completed 200 OK in 5ms (Views: 4.0ms | ActiveRecord: 0.7ms)
I, [2014-07-14T04:05:21.574567 #7736]  INFO -- : Started PATCH "/user_playing_games/6" for 190.53.48.241 at 2014-07-14 04:05:21 +0000
I, [2014-07-14T04:05:21.576259 #7736]  INFO -- : Processing by UserPlayingGamesController#update as HTML
I, [2014-07-14T04:05:21.576338 #7736]  INFO -- :   Parameters: {"utf8"=>"", "authenticity_token"=>"iUWW5nnfA+1XdQqU7R1HNL3F1WoVeywiBL9yFXyIXxA=", "user_playing_game"=>{"user_id"=>"2", "game_id"=>"1", "is_playing"=>"true"}, "commit"=>"jugar", "id"=>"6"}
I, [2014-07-14T04:05:21.584277 #7736]  INFO -- : Redirected to http://5.101.107.55/
I, [2014-07-14T04:05:21.584536 #7736]  INFO -- : Completed 302 Found in 8ms (ActiveRecord: 5.0ms)
I, [2014-07-14T04:05:22.195799 #7738]  INFO -- : Started GET "/" for 190.53.48.241 at 2014-07-14 04:05:22 +0000
I, [2014-07-14T04:05:22.198205 #7738]  INFO -- : Processing by HomeController#index as HTML
I, [2014-07-14T04:05:22.206190 #7738]  INFO -- :   Rendered home/index.html.erb within layouts/application (4.4ms)
I, [2014-07-14T04:05:22.207235 #7738]  INFO -- : Completed 200 OK in 9ms (Views: 5.2ms | ActiveRecord: 0.7ms)
I, [2014-07-14T04:05:23.561709 #7736]  INFO -- : Started PATCH "/user_playing_games/6" for 190.53.48.241 at 2014-07-14 04:05:23 +0000
I, [2014-07-14T04:05:23.563508 #7736]  INFO -- : Processing by UserPlayingGamesController#update as HTML
I, [2014-07-14T04:05:23.563613 #7736]  INFO -- :   Parameters: {"utf8"=>"", "authenticity_token"=>"iUWW5nnfA+1XdQqU7R1HNL3F1WoVeywiBL9yFXyIXxA=", "user_playing_game"=>{"user_id"=>"2", "game_id"=>"1", "is_playing"=>"false"}, "commit"=>"dejar de jugar", "id"=>"6"}
I, [2014-07-14T04:05:23.571836 #7736]  INFO -- : Redirected to http://5.101.107.55/
I, [2014-07-14T04:05:23.572056 #7736]  INFO -- : Completed 302 Found in 8ms (ActiveRecord: 5.3ms)
I, [2014-07-14T04:05:24.198407 #7738]  INFO -- : Started GET "/" for 190.53.48.241 at 2014-07-14 04:05:24 +0000
I, [2014-07-14T04:05:24.200054 #7738]  INFO -- : Processing by HomeController#index as HTML
I, [2014-07-14T04:05:24.204938 #7738]  INFO -- :   Rendered home/index.html.erb within layouts/application (3.7ms)
I, [2014-07-14T04:05:24.205801 #7738]  INFO -- : Completed 200 OK in 6ms (Views: 4.2ms | ActiveRecord: 0.7ms)
I, [2014-07-14T04:17:29.044728 #7753]  INFO -- : Migrating to CreateRuleGroups (20140714041654)
I, [2014-07-14T05:28:22.686881 #10206]  INFO -- : Started GET "/" for 190.53.48.241 at 2014-07-14 05:28:22 +0000
I, [2014-07-14T05:28:22.709452 #10206]  INFO -- : Processing by HomeController#index as HTML
I, [2014-07-14T05:28:22.879595 #10206]  INFO -- :   Rendered home/index.html.erb within layouts/application (152.9ms)
I, [2014-07-14T05:28:22.885750 #10206]  INFO -- : Completed 200 OK in 176ms (Views: 147.6ms | ActiveRecord: 13.1ms)
I, [2014-07-14T05:28:30.924220 #10243]  INFO -- : Started GET "/" for 190.53.48.241 at 2014-07-14 05:28:30 +0000
I, [2014-07-14T05:28:30.935408 #10243]  INFO -- : Processing by HomeController#index as HTML
I, [2014-07-14T05:28:30.979293 #10243]  INFO -- :   Rendered home/index.html.erb within layouts/application (33.6ms)
I, [2014-07-14T05:28:30.981230 #10243]  INFO -- : Completed 200 OK in 46ms (Views: 32.7ms | ActiveRecord: 4.5ms)
I, [2014-07-14T05:28:31.347472 #10240]  INFO -- : Started GET "/assets/bunker_ac_logo.png" for 190.53.48.241 at 2014-07-14 05:28:31 +0000
I, [2014-07-14T05:28:37.998957 #10243]  INFO -- : Started GET "/game_rules" for 190.53.48.241 at 2014-07-14 05:28:37 +0000
F, [2014-07-14T05:28:38.002057 #10243] FATAL -- : 
ActionController::RoutingError (No route matches [GET] "/game_rules"):
  actionpack (4.0.2) lib/action_dispatch/middleware/debug_exceptions.rb:21:in `call'
  actionpack (4.0.2) lib/action_dispatch/middleware/show_exceptions.rb:30:in `call'
  railties (4.0.2) lib/rails/rack/logger.rb:38:in `call_app'
  railties (4.0.2) lib/rails/rack/logger.rb:20:in `block in call'
  activesupport (4.0.2) lib/active_support/tagged_logging.rb:67:in `block in tagged'
  activesupport (4.0.2) lib/active_support/tagged_logging.rb:25:in `tagged'
  activesupport (4.0.2) lib/active_support/tagged_logging.rb:67:in `tagged'
  railties (4.0.2) lib/rails/rack/logger.rb:20:in `call'
  actionpack (4.0.2) lib/action_dispatch/middleware/request_id.rb:21:in `call'
  rack (1.5.2) lib/rack/methodoverride.rb:21:in `call'
  rack (1.5.2) lib/rack/runtime.rb:17:in `call'
  activesupport (4.0.2) lib/active_support/cache/strategy/local_cache.rb:83:in `call'
  rack (1.5.2) lib/rack/sendfile.rb:112:in `call'
  railties (4.0.2) lib/rails/engine.rb:511:in `call'
  railties (4.0.2) lib/rails/application.rb:97:in `call'
  unicorn (4.7.0) lib/unicorn/http_server.rb:580:in `process_client'
  unicorn (4.7.0) lib/unicorn/http_server.rb:660:in `worker_loop'
  unicorn (4.7.0) lib/unicorn/http_server.rb:527:in `spawn_missing_workers'
  unicorn (4.7.0) lib/unicorn/http_server.rb:153:in `start'
  unicorn (4.7.0) bin/unicorn:126:in `<top (required)>'
  /usr/local/rvm/gems/ruby-2.0.0-p353/bin/unicorn:23:in `load'
  /usr/local/rvm/gems/ruby-2.0.0-p353/bin/unicorn:23:in `<main>'
  /usr/local/rvm/gems/ruby-2.0.0-p353/bin/ruby_executable_hooks:15:in `eval'
  /usr/local/rvm/gems/ruby-2.0.0-p353/bin/ruby_executable_hooks:15:in `<main>'


I, [2014-07-14T05:29:23.651958 #10240]  INFO -- : Started GET "/rule_groups" for 190.53.48.241 at 2014-07-14 05:29:23 +0000
I, [2014-07-14T05:29:23.654914 #10240]  INFO -- : Processing by RuleGroupsController#index as HTML
I, [2014-07-14T05:29:23.668014 #10240]  INFO -- :   Rendered rule_groups/index.html.erb within layouts/application (2.2ms)
I, [2014-07-14T05:29:23.682809 #10240]  INFO -- : Completed 200 OK in 28ms (Views: 15.5ms | ActiveRecord: 3.1ms)
I, [2014-07-14T05:29:24.288140 #10243]  INFO -- : Started GET "/assets/bunker_ac_logo.png" for 190.53.48.241 at 2014-07-14 05:29:24 +0000
I, [2014-07-14T05:29:26.762357 #10240]  INFO -- : Started GET "/rule_groups/new" for 190.53.48.241 at 2014-07-14 05:29:26 +0000
I, [2014-07-14T05:29:26.765449 #10240]  INFO -- : Processing by RuleGroupsController#new as HTML
I, [2014-07-14T05:29:26.795753 #10240]  INFO -- :   Rendered rule_groups/_form.html.erb (25.9ms)
I, [2014-07-14T05:29:26.796174 #10240]  INFO -- :   Rendered rule_groups/new.html.erb within layouts/application (27.6ms)
I, [2014-07-14T05:29:26.798270 #10240]  INFO -- : Completed 200 OK in 33ms (Views: 29.8ms | ActiveRecord: 1.3ms)
I, [2014-07-14T05:29:27.169614 #10243]  INFO -- : Started GET "/assets/bunker_ac_logo.png" for 190.53.48.241 at 2014-07-14 05:29:27 +0000
I, [2014-07-14T05:33:06.677231 #10243]  INFO -- : Started POST "/rule_groups" for 190.53.48.241 at 2014-07-14 05:33:06 +0000
I, [2014-07-14T05:33:06.682079 #10243]  INFO -- : Processing by RuleGroupsController#create as HTML
I, [2014-07-14T05:33:06.682260 #10243]  INFO -- :   Parameters: {"utf8"=>"", "authenticity_token"=>"BWJifNEnnLPolJuw9/EE/NczCryDqbOQRMNhG7FNHio=", "game_id"=>{"game_id"=>"1"}, "rule_group"=>{"name"=>"Modo de juego"}, "commit"=>"Create Rule group"}
I, [2014-07-14T05:33:06.716101 #10243]  INFO -- : Redirected to http://5.101.107.55/rule_groups/1
I, [2014-07-14T05:33:06.716750 #10243]  INFO -- : Completed 302 Found in 34ms (ActiveRecord: 11.9ms)
I, [2014-07-14T05:33:07.256329 #10240]  INFO -- : Started GET "/rule_groups/1" for 190.53.48.241 at 2014-07-14 05:33:07 +0000
I, [2014-07-14T05:33:07.259557 #10240]  INFO -- : Processing by RuleGroupsController#show as HTML
I, [2014-07-14T05:33:07.259715 #10240]  INFO -- :   Parameters: {"id"=>"1"}
I, [2014-07-14T05:33:07.267568 #10240]  INFO -- :   Rendered rule_groups/show.html.erb within layouts/application (2.0ms)
I, [2014-07-14T05:33:07.270755 #10240]  INFO -- : Completed 200 OK in 11ms (Views: 6.7ms | ActiveRecord: 0.8ms)
I, [2014-07-14T05:33:08.677595 #10243]  INFO -- : Started GET "/assets/bunker_ac_logo.png" for 190.53.48.241 at 2014-07-14 05:33:08 +0000
I, [2014-07-14T05:40:14.110063 #10243]  INFO -- : Started GET "/rule_groups" for 190.53.48.241 at 2014-07-14 05:40:14 +0000
I, [2014-07-14T05:40:14.113500 #10243]  INFO -- : Processing by RuleGroupsController#index as HTML
I, [2014-07-14T05:40:14.120895 #10243]  INFO -- :   Rendered rule_groups/index.html.erb within layouts/application (4.2ms)
I, [2014-07-14T05:40:14.123422 #10243]  INFO -- : Completed 200 OK in 10ms (Views: 8.1ms | ActiveRecord: 0.5ms)
I, [2014-07-14T05:40:14.374839 #10240]  INFO -- : Started GET "/assets/bunker_ac_logo.png" for 190.53.48.241 at 2014-07-14 05:40:14 +0000
I, [2014-07-14T05:43:44.156269 #10295]  INFO -- : Started GET "/rule_groups/new" for 190.53.48.241 at 2014-07-14 05:43:44 +0000
I, [2014-07-14T05:43:44.166814 #10295]  INFO -- : Processing by RuleGroupsController#new as HTML
I, [2014-07-14T05:43:44.203641 #10295]  INFO -- :   Rendered rule_groups/_form.html.erb (23.0ms)
I, [2014-07-14T05:43:44.204005 #10295]  INFO -- :   Rendered rule_groups/new.html.erb within layouts/application (24.6ms)
I, [2014-07-14T05:43:44.219248 #10295]  INFO -- : Completed 200 OK in 52ms (Views: 38.1ms | ActiveRecord: 4.2ms)
I, [2014-07-14T05:43:44.490551 #10292]  INFO -- : Started GET "/assets/bunker_ac_logo.png" for 190.53.48.241 at 2014-07-14 05:43:44 +0000
I, [2014-07-14T05:43:47.110956 #10295]  INFO -- : Started POST "/rule_groups" for 190.53.48.241 at 2014-07-14 05:43:47 +0000
I, [2014-07-14T05:43:47.116917 #10295]  INFO -- : Processing by RuleGroupsController#create as HTML
I, [2014-07-14T05:43:47.117109 #10295]  INFO -- :   Parameters: {"utf8"=>"", "authenticity_token"=>"BWJifNEnnLPolJuw9/EE/NczCryDqbOQRMNhG7FNHio=", "rule_group"=>{"game_id"=>"1", "name"=>"test"}, "commit"=>"Create Rule group"}
I, [2014-07-14T05:43:47.135669 #10295]  INFO -- : Redirected to http://5.101.107.55/rule_groups/2
I, [2014-07-14T05:43:47.136167 #10295]  INFO -- : Completed 302 Found in 19ms (ActiveRecord: 9.6ms)
I, [2014-07-14T05:43:47.782315 #10292]  INFO -- : Started GET "/rule_groups/2" for 190.53.48.241 at 2014-07-14 05:43:47 +0000
I, [2014-07-14T05:43:47.788432 #10292]  INFO -- : Processing by RuleGroupsController#show as HTML
I, [2014-07-14T05:43:47.788634 #10292]  INFO -- :   Parameters: {"id"=>"2"}
I, [2014-07-14T05:43:47.834566 #10292]  INFO -- :   Rendered rule_groups/show.html.erb within layouts/application (2.8ms)
I, [2014-07-14T05:43:47.864916 #10292]  INFO -- : Completed 200 OK in 76ms (Views: 30.9ms | ActiveRecord: 7.6ms)
I, [2014-07-14T05:43:48.774493 #10295]  INFO -- : Started GET "/assets/bunker_ac_logo.png" for 190.53.48.241 at 2014-07-14 05:43:48 +0000
I, [2014-07-14T05:43:50.499262 #10292]  INFO -- : Started GET "/rule_groups" for 190.53.48.241 at 2014-07-14 05:43:50 +0000
I, [2014-07-14T05:43:50.502173 #10292]  INFO -- : Processing by RuleGroupsController#index as HTML
I, [2014-07-14T05:43:50.507537 #10292]  INFO -- :   Rendered rule_groups/index.html.erb within layouts/application (3.5ms)
I, [2014-07-14T05:43:50.509414 #10292]  INFO -- : Completed 200 OK in 7ms (Views: 5.8ms | ActiveRecord: 0.4ms)
I, [2014-07-14T05:43:50.727134 #10295]  INFO -- : Started GET "/assets/bunker_ac_logo.png" for 190.53.48.241 at 2014-07-14 05:43:50 +0000
I, [2014-07-14T05:43:58.331919 #10295]  INFO -- : Started DELETE "/rule_groups/1" for 190.53.48.241 at 2014-07-14 05:43:58 +0000
I, [2014-07-14T05:43:58.333945 #10295]  INFO -- : Processing by RuleGroupsController#destroy as HTML
I, [2014-07-14T05:43:58.334042 #10295]  INFO -- :   Parameters: {"authenticity_token"=>"BWJifNEnnLPolJuw9/EE/NczCryDqbOQRMNhG7FNHio=", "id"=>"1"}
I, [2014-07-14T05:43:58.342820 #10295]  INFO -- : Redirected to http://5.101.107.55/rule_groups
I, [2014-07-14T05:43:58.343086 #10295]  INFO -- : Completed 302 Found in 9ms (ActiveRecord: 4.8ms)
I, [2014-07-14T05:43:59.357041 #10292]  INFO -- : Started GET "/rule_groups" for 190.53.48.241 at 2014-07-14 05:43:59 +0000
I, [2014-07-14T05:43:59.359076 #10292]  INFO -- : Processing by RuleGroupsController#index as HTML
I, [2014-07-14T05:43:59.362053 #10292]  INFO -- :   Rendered rule_groups/index.html.erb within layouts/application (1.6ms)
I, [2014-07-14T05:43:59.363525 #10292]  INFO -- : Completed 200 OK in 4ms (Views: 3.0ms | ActiveRecord: 0.4ms)
I, [2014-07-14T05:44:00.162817 #10295]  INFO -- : Started GET "/assets/bunker_ac_logo.png" for 190.53.48.241 at 2014-07-14 05:44:00 +0000
I, [2014-07-14T05:44:01.486036 #10295]  INFO -- : Started GET "/rule_groups/2/edit" for 190.53.48.241 at 2014-07-14 05:44:01 +0000
I, [2014-07-14T05:44:01.488304 #10295]  INFO -- : Processing by RuleGroupsController#edit as HTML
I, [2014-07-14T05:44:01.488408 #10295]  INFO -- :   Parameters: {"id"=>"2"}
I, [2014-07-14T05:44:01.537245 #10295]  INFO -- :   Rendered rule_groups/_form.html.erb (44.9ms)
I, [2014-07-14T05:44:01.538080 #10295]  INFO -- :   Rendered rule_groups/edit.html.erb within layouts/application (46.6ms)
I, [2014-07-14T05:44:01.540445 #10295]  INFO -- : Completed 200 OK in 52ms (Views: 49.3ms | ActiveRecord: 0.7ms)
I, [2014-07-14T05:44:01.909315 #10292]  INFO -- : Started GET "/assets/bunker_ac_logo.png" for 190.53.48.241 at 2014-07-14 05:44:01 +0000
I, [2014-07-14T05:44:05.693532 #10292]  INFO -- : Started PATCH "/rule_groups/2" for 190.53.48.241 at 2014-07-14 05:44:05 +0000
I, [2014-07-14T05:44:05.697749 #10292]  INFO -- : Processing by RuleGroupsController#update as HTML
I, [2014-07-14T05:44:05.697982 #10292]  INFO -- :   Parameters: {"utf8"=>"", "authenticity_token"=>"BWJifNEnnLPolJuw9/EE/NczCryDqbOQRMNhG7FNHio=", "rule_group"=>{"game_id"=>"1", "name"=>"Modo de juego"}, "commit"=>"Update Rule group", "id"=>"2"}
I, [2014-07-14T05:44:05.719915 #10292]  INFO -- : Redirected to http://5.101.107.55/rule_groups/2
I, [2014-07-14T05:44:05.720607 #10292]  INFO -- : Completed 302 Found in 22ms (ActiveRecord: 9.6ms)
I, [2014-07-14T05:44:05.911675 #10295]  INFO -- : Started GET "/rule_groups/2" for 190.53.48.241 at 2014-07-14 05:44:05 +0000
I, [2014-07-14T05:44:05.915532 #10295]  INFO -- : Processing by RuleGroupsController#show as HTML
I, [2014-07-14T05:44:05.915688 #10295]  INFO -- :   Parameters: {"id"=>"2"}
I, [2014-07-14T05:44:05.923677 #10295]  INFO -- :   Rendered rule_groups/show.html.erb within layouts/application (2.6ms)
I, [2014-07-14T05:44:05.928049 #10295]  INFO -- : Completed 200 OK in 12ms (Views: 8.3ms | ActiveRecord: 0.8ms)
I, [2014-07-14T05:44:11.134380 #10292]  INFO -- : Started GET "/" for 190.53.48.241 at 2014-07-14 05:44:11 +0000
I, [2014-07-14T05:44:11.137168 #10292]  INFO -- : Processing by HomeController#index as HTML
I, [2014-07-14T05:44:11.161591 #10292]  INFO -- :   Rendered home/index.html.erb within layouts/application (22.0ms)
I, [2014-07-14T05:44:11.162725 #10292]  INFO -- : Completed 200 OK in 25ms (Views: 22.8ms | ActiveRecord: 1.5ms)
I, [2014-07-14T05:46:39.259659 #10341]  INFO -- : Started GET "/" for 190.53.48.241 at 2014-07-14 05:46:39 +0000
I, [2014-07-14T05:46:39.269572 #10341]  INFO -- : Processing by HomeController#index as HTML
I, [2014-07-14T05:46:39.312444 #10341]  INFO -- :   Rendered home/index.html.erb within layouts/application (32.8ms)
I, [2014-07-14T05:46:39.312690 #10341]  INFO -- : Completed 500 Internal Server Error in 43ms
F, [2014-07-14T05:46:39.315067 #10341] FATAL -- : 
ActionView::Template::Error (undefined method `rule_groupes' for #<Class:0x00000004565848>):
    35:           <div class="actions">
    36:               <%= f.submit "dejar de jugar"%>
    37:           </div>
    38:           <% Game.rule_groupes.each do |rg| %>
    39:             <p><% rg.name %></p>
    40:           <% end %>
    41:         <%end%>
  app/views/home/index.html.erb:38:in `block (2 levels) in _app_views_home_index_html_erb___2365317829208934721_40076260'
  app/views/home/index.html.erb:31:in `block in _app_views_home_index_html_erb___2365317829208934721_40076260'
  app/views/home/index.html.erb:22:in `_app_views_home_index_html_erb___2365317829208934721_40076260'


I, [2014-07-14T05:47:05.511074 #10377]  INFO -- : Started GET "/" for 190.53.48.241 at 2014-07-14 05:47:05 +0000
I, [2014-07-14T05:47:05.522980 #10377]  INFO -- : Processing by HomeController#index as HTML
I, [2014-07-14T05:47:05.567900 #10377]  INFO -- :   Rendered home/index.html.erb within layouts/application (34.5ms)
I, [2014-07-14T05:47:05.568094 #10377]  INFO -- : Completed 500 Internal Server Error in 45ms
F, [2014-07-14T05:47:05.570921 #10377] FATAL -- : 
ActionView::Template::Error (undefined method `rule_groupes' for #<Game:0x0000000576afe8>):
    35:           <div class="actions">
    36:               <%= f.submit "dejar de jugar"%>
    37:           </div>
    38:           <% g.rule_groupes.each do |rg| %>
    39:             <p><% rg.name %></p>
    40:           <% end %>
    41:         <%end%>
  app/views/home/index.html.erb:38:in `block (2 levels) in _app_views_home_index_html_erb___2197783099830760051_44139720'
  app/views/home/index.html.erb:31:in `block in _app_views_home_index_html_erb___2197783099830760051_44139720'
  app/views/home/index.html.erb:22:in `_app_views_home_index_html_erb___2197783099830760051_44139720'


I, [2014-07-14T05:48:04.726074 #10424]  INFO -- : Started GET "/" for 190.53.48.241 at 2014-07-14 05:48:04 +0000
I, [2014-07-14T05:48:04.739803 #10424]  INFO -- : Processing by HomeController#index as HTML
I, [2014-07-14T05:48:04.783395 #10424]  INFO -- :   Rendered home/index.html.erb within layouts/application (33.3ms)
I, [2014-07-14T05:48:04.783615 #10424]  INFO -- : Completed 500 Internal Server Error in 44ms
F, [2014-07-14T05:48:04.786189 #10424] FATAL -- : 
ActionView::Template::Error (undefined method `rule_groupe' for #<Game:0x00000003e52e98>):
    35:           <div class="actions">
    36:               <%= f.submit "dejar de jugar"%>
    37:           </div>
    38:           <% g.rule_groupe.each do |rg| %>
    39:             <p><% rg.name %></p>
    40:           <% end %>
    41:         <%end%>
  app/views/home/index.html.erb:38:in `block (2 levels) in _app_views_home_index_html_erb__2918024296960061536_30983260'
  app/views/home/index.html.erb:31:in `block in _app_views_home_index_html_erb__2918024296960061536_30983260'
  app/views/home/index.html.erb:22:in `_app_views_home_index_html_erb__2918024296960061536_30983260'


I, [2014-07-14T05:48:37.175844 #10477]  INFO -- : Started GET "/" for 190.53.48.241 at 2014-07-14 05:48:37 +0000
I, [2014-07-14T05:48:37.186216 #10477]  INFO -- : Processing by HomeController#index as HTML
I, [2014-07-14T05:48:37.245582 #10477]  INFO -- :   Rendered home/index.html.erb within layouts/application (49.2ms)
I, [2014-07-14T05:48:37.247672 #10477]  INFO -- : Completed 200 OK in 61ms (Views: 47.9ms | ActiveRecord: 5.0ms)
I, [2014-07-14T05:48:37.603758 #10474]  INFO -- : Started GET "/assets/bunker_ac_logo.png" for 190.53.48.241 at 2014-07-14 05:48:37 +0000
I, [2014-07-14T05:48:40.501047 #10477]  INFO -- : Started GET "/" for 190.53.48.241 at 2014-07-14 05:48:40 +0000
I, [2014-07-14T05:48:40.503828 #10477]  INFO -- : Processing by HomeController#index as HTML
I, [2014-07-14T05:48:40.510756 #10477]  INFO -- :   Rendered home/index.html.erb within layouts/application (5.5ms)
I, [2014-07-14T05:48:40.511724 #10477]  INFO -- : Completed 200 OK in 8ms (Views: 6.2ms | ActiveRecord: 0.7ms)
I, [2014-07-14T05:48:40.715605 #10474]  INFO -- : Started GET "/assets/bunker_ac_logo.png" for 190.53.48.241 at 2014-07-14 05:48:40 +0000
I, [2014-07-14T05:48:57.426123 #10474]  INFO -- : Started PATCH "/user_playing_games/5" for 190.53.48.241 at 2014-07-14 05:48:57 +0000
I, [2014-07-14T05:48:57.429268 #10474]  INFO -- : Processing by UserPlayingGamesController#update as HTML
I, [2014-07-14T05:48:57.429401 #10474]  INFO -- :   Parameters: {"utf8"=>"", "authenticity_token"=>"BWJifNEnnLPolJuw9/EE/NczCryDqbOQRMNhG7FNHio=", "user_playing_game"=>{"user_id"=>"1", "game_id"=>"1", "is_playing"=>"false"}, "commit"=>"dejar de jugar", "id"=>"5"}
I, [2014-07-14T05:48:57.461033 #10474]  INFO -- : Redirected to http://5.101.107.55/
I, [2014-07-14T05:48:57.461344 #10474]  INFO -- : Completed 302 Found in 32ms (ActiveRecord: 10.4ms)
I, [2014-07-14T05:48:57.652486 #10477]  INFO -- : Started GET "/" for 190.53.48.241 at 2014-07-14 05:48:57 +0000
I, [2014-07-14T05:48:57.654107 #10477]  INFO -- : Processing by HomeController#index as HTML
I, [2014-07-14T05:48:57.658802 #10477]  INFO -- :   Rendered home/index.html.erb within layouts/application (3.6ms)
I, [2014-07-14T05:48:57.659601 #10477]  INFO -- : Completed 200 OK in 5ms (Views: 4.0ms | ActiveRecord: 0.7ms)
I, [2014-07-14T05:48:57.863761 #10474]  INFO -- : Started GET "/assets/bunker_ac_logo.png" for 190.53.48.241 at 2014-07-14 05:48:57 +0000
I, [2014-07-14T05:48:59.390706 #10474]  INFO -- : Started PATCH "/user_playing_games/5" for 190.53.48.241 at 2014-07-14 05:48:59 +0000
I, [2014-07-14T05:48:59.395289 #10474]  INFO -- : Processing by UserPlayingGamesController#update as HTML
