I, [2014-07-13T20:22:15.958308 #1720]  INFO -- : Processing by SessionsController#create as HTML
I, [2014-07-13T20:22:15.958579 #1720]  INFO -- :   Parameters: {"code"=>"AQBwIStj-nfF0ugf8kx-8SrjZa46Fs6AzEjO4ZYJdoA2olYOuLjLvc7VBRMhljqvPenvA7X91d_hF_VQq4WgB6yuzGP-vMps4duowI0kp-_yyoXTRIiB0sx5Rt7gP6NhJbDO_uwHhGsx-kLVsG1OLuCwhcdYjZt3yHDlY3sIOKwD__n_eDRjO4eNoDlHeMkaTUWDqq0XaL82XxFG_uzM3HwJN5aYX8NZ0qzxWjxUBSq8JsXcujac9ZBzJLPluYXyqppqOoxlh2T99SH8xvn_v74JiGM_s21P5xXi-W_a6jZM0_eZip_deFRoH4FoDfSH2mg", "provider"=>"facebook"}
I, [2014-07-13T20:22:16.026594 #1720]  INFO -- : Redirected to http://5.101.107.55/
I, [2014-07-13T20:22:16.027224 #1720]  INFO -- : Completed 302 Found in 68ms (ActiveRecord: 35.5ms)
I, [2014-07-13T20:22:16.288964 #1717]  INFO -- : Started GET "/" for 190.53.48.241 at 2014-07-13 20:22:16 +0000
I, [2014-07-13T20:22:16.293393 #1717]  INFO -- : Processing by HomeController#index as HTML
I, [2014-07-13T20:22:16.297710 #1717]  INFO -- :   Rendered home/index.html.erb within layouts/application (1.2ms)
I, [2014-07-13T20:22:16.329329 #1717]  INFO -- : Completed 200 OK in 36ms (Views: 28.1ms | ActiveRecord: 5.9ms)
I, [2014-07-13T20:22:16.693073 #1720]  INFO -- : Started GET "/assets/rails.png" for 190.53.48.241 at 2014-07-13 20:22:16 +0000
I, [2014-07-13T20:43:59.348127 #6604]  INFO -- : Started GET "/" for 190.53.48.241 at 2014-07-13 20:43:59 +0000
I, [2014-07-13T20:43:59.354857 #6604]  INFO -- : Processing by HomeController#index as HTML
I, [2014-07-13T20:43:59.365827 #6604]  INFO -- :   Rendered home/index.html.erb within layouts/application (0.5ms)
I, [2014-07-13T20:43:59.382519 #6604]  INFO -- : Completed 200 OK in 27ms (Views: 15.9ms | ActiveRecord: 3.0ms)
I, [2014-07-13T20:43:59.384154 #6604]  INFO -- : Started GET "/" for 190.53.48.241 at 2014-07-13 20:43:59 +0000
I, [2014-07-13T20:43:59.386102 #6604]  INFO -- : Processing by HomeController#index as HTML
I, [2014-07-13T20:43:59.387210 #6604]  INFO -- :   Rendered home/index.html.erb within layouts/application (0.1ms)
I, [2014-07-13T20:43:59.388989 #6604]  INFO -- : Completed 200 OK in 3ms (Views: 2.0ms | ActiveRecord: 0.1ms)
I, [2014-07-13T20:44:41.478778 #6646]  INFO -- : Started GET "/" for 190.53.48.241 at 2014-07-13 20:44:41 +0000
I, [2014-07-13T20:44:41.486196 #6646]  INFO -- : Processing by HomeController#index as HTML
I, [2014-07-13T20:44:41.496731 #6646]  INFO -- :   Rendered home/index.html.erb within layouts/application (0.5ms)
I, [2014-07-13T20:44:41.512305 #6646]  INFO -- : Completed 200 OK in 26ms (Views: 14.8ms | ActiveRecord: 2.9ms)
I, [2014-07-13T20:44:41.969731 #6644]  INFO -- : Started GET "/assets/bunker_ac_logo.png" for 190.53.48.241 at 2014-07-13 20:44:41 +0000
I, [2014-07-13T20:44:46.295932 #6646]  INFO -- : Started GET "/signout" for 190.53.48.241 at 2014-07-13 20:44:46 +0000
I, [2014-07-13T20:44:46.298674 #6646]  INFO -- : Processing by SessionsController#destroy as HTML
I, [2014-07-13T20:44:46.300087 #6646]  INFO -- : Redirected to http://5.101.107.55/
I, [2014-07-13T20:44:46.300327 #6646]  INFO -- : Completed 302 Found in 1ms (ActiveRecord: 0.0ms)
I, [2014-07-13T20:44:46.460553 #6644]  INFO -- : Started GET "/" for 190.53.48.241 at 2014-07-13 20:44:46 +0000
I, [2014-07-13T20:44:46.463324 #6644]  INFO -- : Processing by HomeController#index as HTML
I, [2014-07-13T20:44:46.473839 #6644]  INFO -- :   Rendered home/index.html.erb within layouts/application (0.5ms)
I, [2014-07-13T20:44:46.475471 #6644]  INFO -- : Completed 200 OK in 12ms (Views: 3.7ms | ActiveRecord: 0.0ms)
I, [2014-07-13T20:44:47.556825 #6646]  INFO -- : Started GET "/auth/facebook" for 190.53.48.241 at 2014-07-13 20:44:47 +0000
I, [2014-07-13T20:44:47.557733 #6646]  INFO -- : (facebook) Request phase initiated.
I, [2014-07-13T20:44:48.105289 #6644]  INFO -- : Started GET "/auth/facebook/callback?code=AQDSHvNdhjzXKNYIOKb3PGy7Z63JbuaNuJu1NJ9rXfo-j6LmWua5y738U5_Geuu54yTal3PObkd7cZy3_eaGUVDFY5mESgLN4ocI6bkFTnt39FSQIUbajSSOgG_UzQnKV2pIKywfRy_nOFxCGuhX0FIsTU-wGUusAIkP6jSTbF8S2vRXrsabh5GlqCiLGkwVbRPE9VtsVN37bp5GmOJZcuBiVvq7IujxRSUnk6QY18yPLxkClXfJAGZqOWaDQFnzs6vgjRHBCYVen5Q9-sktv90RWxK2KA8S6HTlqeGDiJk-RcrDJD34ts4QtkSYvWmnU-E" for 190.53.48.241 at 2014-07-13 20:44:48 +0000
I, [2014-07-13T20:44:48.106632 #6644]  INFO -- : (facebook) Callback phase initiated.
I, [2014-07-13T20:44:48.519474 #6644]  INFO -- : Processing by SessionsController#create as HTML
I, [2014-07-13T20:44:48.519770 #6644]  INFO -- :   Parameters: {"code"=>"AQDSHvNdhjzXKNYIOKb3PGy7Z63JbuaNuJu1NJ9rXfo-j6LmWua5y738U5_Geuu54yTal3PObkd7cZy3_eaGUVDFY5mESgLN4ocI6bkFTnt39FSQIUbajSSOgG_UzQnKV2pIKywfRy_nOFxCGuhX0FIsTU-wGUusAIkP6jSTbF8S2vRXrsabh5GlqCiLGkwVbRPE9VtsVN37bp5GmOJZcuBiVvq7IujxRSUnk6QY18yPLxkClXfJAGZqOWaDQFnzs6vgjRHBCYVen5Q9-sktv90RWxK2KA8S6HTlqeGDiJk-RcrDJD34ts4QtkSYvWmnU-E", "provider"=>"facebook"}
I, [2014-07-13T20:44:48.566869 #6644]  INFO -- : Redirected to http://5.101.107.55/
I, [2014-07-13T20:44:48.567417 #6644]  INFO -- : Completed 302 Found in 47ms (ActiveRecord: 13.5ms)
I, [2014-07-13T20:44:48.728803 #6646]  INFO -- : Started GET "/" for 190.53.48.241 at 2014-07-13 20:44:48 +0000
I, [2014-07-13T20:44:48.731454 #6646]  INFO -- : Processing by HomeController#index as HTML
I, [2014-07-13T20:44:48.732862 #6646]  INFO -- :   Rendered home/index.html.erb within layouts/application (0.1ms)
I, [2014-07-13T20:44:48.735110 #6646]  INFO -- : Completed 200 OK in 3ms (Views: 2.5ms | ActiveRecord: 0.2ms)
I, [2014-07-13T20:45:59.297882 #6644]  INFO -- : Started GET "/" for 190.53.48.241 at 2014-07-13 20:45:59 +0000
I, [2014-07-13T20:45:59.302392 #6644]  INFO -- : Processing by HomeController#index as HTML
I, [2014-07-13T20:45:59.304279 #6644]  INFO -- :   Rendered home/index.html.erb within layouts/application (0.1ms)
I, [2014-07-13T20:45:59.306134 #6644]  INFO -- : Completed 200 OK in 3ms (Views: 2.6ms | ActiveRecord: 0.0ms)
I, [2014-07-13T20:45:59.809591 #6646]  INFO -- : Started GET "/assets/bunker_ac_logo.png" for 190.53.48.241 at 2014-07-13 20:45:59 +0000
I, [2014-07-13T20:46:05.082995 #6644]  INFO -- : Started GET "/" for 190.53.48.241 at 2014-07-13 20:46:05 +0000
I, [2014-07-13T20:46:05.086970 #6644]  INFO -- : Processing by HomeController#index as HTML
I, [2014-07-13T20:46:05.089128 #6644]  INFO -- :   Rendered home/index.html.erb within layouts/application (0.1ms)
I, [2014-07-13T20:46:05.093493 #6644]  INFO -- : Completed 200 OK in 6ms (Views: 4.3ms | ActiveRecord: 0.6ms)
I, [2014-07-13T20:46:05.406785 #6646]  INFO -- : Started GET "/assets/bunker_ac_logo.png" for 190.53.48.241 at 2014-07-13 20:46:05 +0000
I, [2014-07-13T20:46:06.641774 #6646]  INFO -- : Started GET "/auth/facebook" for 190.53.48.241 at 2014-07-13 20:46:06 +0000
I, [2014-07-13T20:46:06.643045 #6646]  INFO -- : (facebook) Request phase initiated.
I, [2014-07-13T20:46:14.605285 #6644]  INFO -- : Started GET "/auth/facebook/callback?code=AQAZYsiDMcO8buWFP80ERYVizdscMV0lwRsCVclBGDvL56liuKU2H1K51LEfMwT6L8H9dmqD3quBHb5Wyp-MSljfRw_smm_YxNmVyHzbhAA4NJjq2dqpckFEcUKen0n0hjmV69ZKtGPy8Zxq3IWGZwhCOODpz9krycPw15VSQWsTG-ARub0vtTuCtP4AFrT4rrX6zLMtCtNQU1sQDlt0K7Gsaw3JhYWmRLkDFwqQNzpd7y0mk-SX-2QZxJyXSKNTaX3wuCOGbysosrwXO4TIUGJhKmVvDISxgbFTyAi5LRLWnoIH7L_vAA8kiXZJqwtkH6Y" for 190.53.48.241 at 2014-07-13 20:46:14 +0000
I, [2014-07-13T20:46:14.606065 #6644]  INFO -- : (facebook) Callback phase initiated.
I, [2014-07-13T20:46:15.038943 #6644]  INFO -- : Processing by SessionsController#create as HTML
I, [2014-07-13T20:46:15.039224 #6644]  INFO -- :   Parameters: {"code"=>"AQAZYsiDMcO8buWFP80ERYVizdscMV0lwRsCVclBGDvL56liuKU2H1K51LEfMwT6L8H9dmqD3quBHb5Wyp-MSljfRw_smm_YxNmVyHzbhAA4NJjq2dqpckFEcUKen0n0hjmV69ZKtGPy8Zxq3IWGZwhCOODpz9krycPw15VSQWsTG-ARub0vtTuCtP4AFrT4rrX6zLMtCtNQU1sQDlt0K7Gsaw3JhYWmRLkDFwqQNzpd7y0mk-SX-2QZxJyXSKNTaX3wuCOGbysosrwXO4TIUGJhKmVvDISxgbFTyAi5LRLWnoIH7L_vAA8kiXZJqwtkH6Y", "provider"=>"facebook"}
I, [2014-07-13T20:46:15.054046 #6644]  INFO -- : Redirected to http://5.101.107.55/
I, [2014-07-13T20:46:15.054874 #6644]  INFO -- : Completed 302 Found in 15ms (ActiveRecord: 7.5ms)
I, [2014-07-13T20:46:15.400981 #6646]  INFO -- : Started GET "/" for 190.53.48.241 at 2014-07-13 20:46:15 +0000
I, [2014-07-13T20:46:15.402428 #6646]  INFO -- : Processing by HomeController#index as HTML
I, [2014-07-13T20:46:15.403417 #6646]  INFO -- :   Rendered home/index.html.erb within layouts/application (0.1ms)
I, [2014-07-13T20:46:15.405094 #6646]  INFO -- : Completed 200 OK in 3ms (Views: 1.7ms | ActiveRecord: 0.3ms)
I, [2014-07-14T01:19:01.212951 #6846]  INFO -- : Migrating to CreateGameModes (20140714011832)
I, [2014-07-14T01:19:12.814307 #6876]  INFO -- : Started GET "/" for 190.53.48.241 at 2014-07-14 01:19:12 +0000
I, [2014-07-14T01:19:12.829750 #6876]  INFO -- : Processing by HomeController#index as HTML
I, [2014-07-14T01:19:12.841628 #6876]  INFO -- :   Rendered home/index.html.erb within layouts/application (0.4ms)
I, [2014-07-14T01:19:12.843300 #6876]  INFO -- : Completed 200 OK in 13ms (Views: 3.8ms | ActiveRecord: 0.0ms)
I, [2014-07-14T01:19:13.170892 #6878]  INFO -- : Started GET "/assets/bunker_ac_logo.png" for 190.53.48.241 at 2014-07-14 01:19:13 +0000
I, [2014-07-14T01:19:34.245490 #6876]  INFO -- : Started GET "/GameModes" for 190.53.48.241 at 2014-07-14 01:19:34 +0000
F, [2014-07-14T01:19:34.248081 #6876] FATAL -- : 
ActionController::RoutingError (No route matches [GET] "/GameModes"):
  actionpack (4.0.2) lib/action_dispatch/middleware/debug_exceptions.rb:21:in `call'
  actionpack (4.0.2) lib/action_dispatch/middleware/show_exceptions.rb:30:in `call'
  railties (4.0.2) lib/rails/rack/logger.rb:38:in `call_app'
  railties (4.0.2) lib/rails/rack/logger.rb:20:in `block in call'
  activesupport (4.0.2) lib/active_support/tagged_logging.rb:67:in `block in tagged'
  activesupport (4.0.2) lib/active_support/tagged_logging.rb:25:in `tagged'
  activesupport (4.0.2) lib/active_support/tagged_logging.rb:67:in `tagged'
  railties (4.0.2) lib/rails/rack/logger.rb:20:in `call'
  actionpack (4.0.2) lib/action_dispatch/middleware/request_id.rb:21:in `call'
  rack (1.5.2) lib/rack/methodoverride.rb:21:in `call'
  rack (1.5.2) lib/rack/runtime.rb:17:in `call'
  activesupport (4.0.2) lib/active_support/cache/strategy/local_cache.rb:83:in `call'
  rack (1.5.2) lib/rack/sendfile.rb:112:in `call'
  railties (4.0.2) lib/rails/engine.rb:511:in `call'
  railties (4.0.2) lib/rails/application.rb:97:in `call'
  unicorn (4.7.0) lib/unicorn/http_server.rb:580:in `process_client'
  unicorn (4.7.0) lib/unicorn/http_server.rb:660:in `worker_loop'
  unicorn (4.7.0) lib/unicorn/http_server.rb:527:in `spawn_missing_workers'
  unicorn (4.7.0) lib/unicorn/http_server.rb:153:in `start'
  unicorn (4.7.0) bin/unicorn:126:in `<top (required)>'
  /usr/local/rvm/gems/ruby-2.0.0-p353/bin/unicorn:23:in `load'
  /usr/local/rvm/gems/ruby-2.0.0-p353/bin/unicorn:23:in `<main>'
  /usr/local/rvm/gems/ruby-2.0.0-p353/bin/ruby_executable_hooks:15:in `eval'
  /usr/local/rvm/gems/ruby-2.0.0-p353/bin/ruby_executable_hooks:15:in `<main>'


I, [2014-07-14T01:19:42.090796 #6878]  INFO -- : Started GET "/Game_Modes" for 190.53.48.241 at 2014-07-14 01:19:42 +0000
F, [2014-07-14T01:19:42.094419 #6878] FATAL -- : 
ActionController::RoutingError (No route matches [GET] "/Game_Modes"):
  actionpack (4.0.2) lib/action_dispatch/middleware/debug_exceptions.rb:21:in `call'
  actionpack (4.0.2) lib/action_dispatch/middleware/show_exceptions.rb:30:in `call'
  railties (4.0.2) lib/rails/rack/logger.rb:38:in `call_app'
  railties (4.0.2) lib/rails/rack/logger.rb:20:in `block in call'
  activesupport (4.0.2) lib/active_support/tagged_logging.rb:67:in `block in tagged'
  activesupport (4.0.2) lib/active_support/tagged_logging.rb:25:in `tagged'
  activesupport (4.0.2) lib/active_support/tagged_logging.rb:67:in `tagged'
  railties (4.0.2) lib/rails/rack/logger.rb:20:in `call'
  actionpack (4.0.2) lib/action_dispatch/middleware/request_id.rb:21:in `call'
  rack (1.5.2) lib/rack/methodoverride.rb:21:in `call'
  rack (1.5.2) lib/rack/runtime.rb:17:in `call'
  activesupport (4.0.2) lib/active_support/cache/strategy/local_cache.rb:83:in `call'
  rack (1.5.2) lib/rack/sendfile.rb:112:in `call'
  railties (4.0.2) lib/rails/engine.rb:511:in `call'
  railties (4.0.2) lib/rails/application.rb:97:in `call'
  unicorn (4.7.0) lib/unicorn/http_server.rb:580:in `process_client'
  unicorn (4.7.0) lib/unicorn/http_server.rb:660:in `worker_loop'
  unicorn (4.7.0) lib/unicorn/http_server.rb:527:in `spawn_missing_workers'
  unicorn (4.7.0) lib/unicorn/http_server.rb:153:in `start'
  unicorn (4.7.0) bin/unicorn:126:in `<top (required)>'
  /usr/local/rvm/gems/ruby-2.0.0-p353/bin/unicorn:23:in `load'
  /usr/local/rvm/gems/ruby-2.0.0-p353/bin/unicorn:23:in `<main>'
  /usr/local/rvm/gems/ruby-2.0.0-p353/bin/ruby_executable_hooks:15:in `eval'
  /usr/local/rvm/gems/ruby-2.0.0-p353/bin/ruby_executable_hooks:15:in `<main>'


I, [2014-07-14T01:20:01.680902 #6876]  INFO -- : Started GET "/game_modes" for 190.53.48.241 at 2014-07-14 01:20:01 +0000
I, [2014-07-14T01:20:01.684251 #6876]  INFO -- : Processing by GameModesController#index as HTML
I, [2014-07-14T01:20:01.692856 #6876]  INFO -- :   Rendered game_modes/index.html.erb within layouts/application (3.8ms)
I, [2014-07-14T01:20:01.694248 #6876]  INFO -- : Completed 200 OK in 10ms (Views: 6.5ms | ActiveRecord: 0.9ms)
I, [2014-07-14T01:20:02.145877 #6878]  INFO -- : Started GET "/assets/bunker_ac_logo.png" for 190.53.48.241 at 2014-07-14 01:20:02 +0000
I, [2014-07-14T01:21:34.704563 #6893]  INFO -- : Migrating to CreateGames (20140714012120)
I, [2014-07-14T01:21:56.745778 #6923]  INFO -- : Started GET "/game_modes" for 190.53.48.241 at 2014-07-14 01:21:56 +0000
F, [2014-07-14T01:21:56.764945 #6923] FATAL -- : 
ActionController::RoutingError (No route matches [GET] "/game_modes"):
  actionpack (4.0.2) lib/action_dispatch/middleware/debug_exceptions.rb:21:in `call'
  actionpack (4.0.2) lib/action_dispatch/middleware/show_exceptions.rb:30:in `call'
  railties (4.0.2) lib/rails/rack/logger.rb:38:in `call_app'
  railties (4.0.2) lib/rails/rack/logger.rb:20:in `block in call'
  activesupport (4.0.2) lib/active_support/tagged_logging.rb:67:in `block in tagged'
  activesupport (4.0.2) lib/active_support/tagged_logging.rb:25:in `tagged'
  activesupport (4.0.2) lib/active_support/tagged_logging.rb:67:in `tagged'
  railties (4.0.2) lib/rails/rack/logger.rb:20:in `call'
  actionpack (4.0.2) lib/action_dispatch/middleware/request_id.rb:21:in `call'
  rack (1.5.2) lib/rack/methodoverride.rb:21:in `call'
  rack (1.5.2) lib/rack/runtime.rb:17:in `call'
  activesupport (4.0.2) lib/active_support/cache/strategy/local_cache.rb:83:in `call'
  rack (1.5.2) lib/rack/sendfile.rb:112:in `call'
  railties (4.0.2) lib/rails/engine.rb:511:in `call'
  railties (4.0.2) lib/rails/application.rb:97:in `call'
  unicorn (4.7.0) lib/unicorn/http_server.rb:580:in `process_client'
  unicorn (4.7.0) lib/unicorn/http_server.rb:660:in `worker_loop'
  unicorn (4.7.0) lib/unicorn/http_server.rb:527:in `spawn_missing_workers'
  unicorn (4.7.0) lib/unicorn/http_server.rb:153:in `start'
  unicorn (4.7.0) bin/unicorn:126:in `<top (required)>'
  /usr/local/rvm/gems/ruby-2.0.0-p353/bin/unicorn:23:in `load'
  /usr/local/rvm/gems/ruby-2.0.0-p353/bin/unicorn:23:in `<main>'
  /usr/local/rvm/gems/ruby-2.0.0-p353/bin/ruby_executable_hooks:15:in `eval'
  /usr/local/rvm/gems/ruby-2.0.0-p353/bin/ruby_executable_hooks:15:in `<main>'


I, [2014-07-14T01:21:59.769982 #6925]  INFO -- : Started GET "/games" for 190.53.48.241 at 2014-07-14 01:21:59 +0000
I, [2014-07-14T01:21:59.777786 #6925]  INFO -- : Processing by GamesController#index as HTML
I, [2014-07-14T01:21:59.790737 #6925]  INFO -- :   Rendered games/index.html.erb within layouts/application (2.3ms)
I, [2014-07-14T01:21:59.792313 #6925]  INFO -- : Completed 200 OK in 14ms (Views: 4.9ms | ActiveRecord: 0.6ms)
I, [2014-07-14T01:22:00.082861 #6923]  INFO -- : Started GET "/assets/bunker_ac_logo.png" for 190.53.48.241 at 2014-07-14 01:22:00 +0000
I, [2014-07-14T01:22:01.591495 #6925]  INFO -- : Started GET "/games/new" for 190.53.48.241 at 2014-07-14 01:22:01 +0000
I, [2014-07-14T01:22:01.594510 #6925]  INFO -- : Processing by GamesController#new as HTML
I, [2014-07-14T01:22:01.628044 #6925]  INFO -- :   Rendered games/_form.html.erb (29.1ms)
I, [2014-07-14T01:22:01.629042 #6925]  INFO -- :   Rendered games/new.html.erb within layouts/application (31.3ms)
I, [2014-07-14T01:22:01.630986 #6925]  INFO -- : Completed 200 OK in 36ms (Views: 33.9ms | ActiveRecord: 0.6ms)
I, [2014-07-14T01:22:01.879610 #6923]  INFO -- : Started GET "/games/assets/bunker_ac_logo.png" for 190.53.48.241 at 2014-07-14 01:22:01 +0000
F, [2014-07-14T01:22:01.883433 #6923] FATAL -- : 
ActionController::RoutingError (No route matches [GET] "/games/assets/bunker_ac_logo.png"):
  actionpack (4.0.2) lib/action_dispatch/middleware/debug_exceptions.rb:21:in `call'
  actionpack (4.0.2) lib/action_dispatch/middleware/show_exceptions.rb:30:in `call'
  railties (4.0.2) lib/rails/rack/logger.rb:38:in `call_app'
  railties (4.0.2) lib/rails/rack/logger.rb:20:in `block in call'
  activesupport (4.0.2) lib/active_support/tagged_logging.rb:67:in `block in tagged'
  activesupport (4.0.2) lib/active_support/tagged_logging.rb:25:in `tagged'
  activesupport (4.0.2) lib/active_support/tagged_logging.rb:67:in `tagged'
  railties (4.0.2) lib/rails/rack/logger.rb:20:in `call'
  actionpack (4.0.2) lib/action_dispatch/middleware/request_id.rb:21:in `call'
  rack (1.5.2) lib/rack/methodoverride.rb:21:in `call'
  rack (1.5.2) lib/rack/runtime.rb:17:in `call'
  activesupport (4.0.2) lib/active_support/cache/strategy/local_cache.rb:83:in `call'
  rack (1.5.2) lib/rack/sendfile.rb:112:in `call'
  railties (4.0.2) lib/rails/engine.rb:511:in `call'
  railties (4.0.2) lib/rails/application.rb:97:in `call'
  unicorn (4.7.0) lib/unicorn/http_server.rb:580:in `process_client'
  unicorn (4.7.0) lib/unicorn/http_server.rb:660:in `worker_loop'
  unicorn (4.7.0) lib/unicorn/http_server.rb:527:in `spawn_missing_workers'
  unicorn (4.7.0) lib/unicorn/http_server.rb:153:in `start'
  unicorn (4.7.0) bin/unicorn:126:in `<top (required)>'
  /usr/local/rvm/gems/ruby-2.0.0-p353/bin/unicorn:23:in `load'
  /usr/local/rvm/gems/ruby-2.0.0-p353/bin/unicorn:23:in `<main>'
  /usr/local/rvm/gems/ruby-2.0.0-p353/bin/ruby_executable_hooks:15:in `eval'
  /usr/local/rvm/gems/ruby-2.0.0-p353/bin/ruby_executable_hooks:15:in `<main>'


I, [2014-07-14T01:22:14.707207 #6925]  INFO -- : Started POST "/games" for 190.53.48.241 at 2014-07-14 01:22:14 +0000
I, [2014-07-14T01:22:14.711656 #6925]  INFO -- : Processing by GamesController#create as HTML
I, [2014-07-14T01:22:14.712202 #6925]  INFO -- :   Parameters: {"utf8"=>"", "authenticity_token"=>"BWJifNEnnLPolJuw9/EE/NczCryDqbOQRMNhG7FNHio=", "game"=>{"name"=>"Street Fighter 3: Third Strike"}, "commit"=>"Create Game"}
I, [2014-07-14T01:22:14.734915 #6925]  INFO -- : Redirected to http://5.101.107.55/games/1
I, [2014-07-14T01:22:14.735465 #6925]  INFO -- : Completed 302 Found in 23ms (ActiveRecord: 12.9ms)
I, [2014-07-14T01:22:15.020682 #6923]  INFO -- : Started GET "/games/1" for 190.53.48.241 at 2014-07-14 01:22:15 +0000
I, [2014-07-14T01:22:15.026965 #6923]  INFO -- : Processing by GamesController#show as HTML
I, [2014-07-14T01:22:15.027162 #6923]  INFO -- :   Parameters: {"id"=>"1"}
I, [2014-07-14T01:22:15.075293 #6923]  INFO -- :   Rendered games/show.html.erb within layouts/application (2.4ms)
I, [2014-07-14T01:22:15.078703 #6923]  INFO -- : Completed 200 OK in 51ms (Views: 9.3ms | ActiveRecord: 2.4ms)
I, [2014-07-14T01:22:15.548332 #6925]  INFO -- : Started GET "/games/assets/bunker_ac_logo.png" for 190.53.48.241 at 2014-07-14 01:22:15 +0000
F, [2014-07-14T01:22:15.552891 #6925] FATAL -- : 
ActionController::RoutingError (No route matches [GET] "/games/assets/bunker_ac_logo.png"):
  actionpack (4.0.2) lib/action_dispatch/middleware/debug_exceptions.rb:21:in `call'
  actionpack (4.0.2) lib/action_dispatch/middleware/show_exceptions.rb:30:in `call'
  railties (4.0.2) lib/rails/rack/logger.rb:38:in `call_app'
  railties (4.0.2) lib/rails/rack/logger.rb:20:in `block in call'
  activesupport (4.0.2) lib/active_support/tagged_logging.rb:67:in `block in tagged'
  activesupport (4.0.2) lib/active_support/tagged_logging.rb:25:in `tagged'
  activesupport (4.0.2) lib/active_support/tagged_logging.rb:67:in `tagged'
  railties (4.0.2) lib/rails/rack/logger.rb:20:in `call'
  actionpack (4.0.2) lib/action_dispatch/middleware/request_id.rb:21:in `call'
  rack (1.5.2) lib/rack/methodoverride.rb:21:in `call'
  rack (1.5.2) lib/rack/runtime.rb:17:in `call'
  activesupport (4.0.2) lib/active_support/cache/strategy/local_cache.rb:83:in `call'
  rack (1.5.2) lib/rack/sendfile.rb:112:in `call'
  railties (4.0.2) lib/rails/engine.rb:511:in `call'
  railties (4.0.2) lib/rails/application.rb:97:in `call'
  unicorn (4.7.0) lib/unicorn/http_server.rb:580:in `process_client'
  unicorn (4.7.0) lib/unicorn/http_server.rb:660:in `worker_loop'
  unicorn (4.7.0) lib/unicorn/http_server.rb:527:in `spawn_missing_workers'
  unicorn (4.7.0) lib/unicorn/http_server.rb:153:in `start'
  unicorn (4.7.0) bin/unicorn:126:in `<top (required)>'
  /usr/local/rvm/gems/ruby-2.0.0-p353/bin/unicorn:23:in `load'
  /usr/local/rvm/gems/ruby-2.0.0-p353/bin/unicorn:23:in `<main>'
  /usr/local/rvm/gems/ruby-2.0.0-p353/bin/ruby_executable_hooks:15:in `eval'
  /usr/local/rvm/gems/ruby-2.0.0-p353/bin/ruby_executable_hooks:15:in `<main>'


I, [2014-07-14T01:25:02.046254 #6976]  INFO -- : Started GET "/games/1" for 190.53.48.241 at 2014-07-14 01:25:02 +0000
I, [2014-07-14T01:25:02.054268 #6976]  INFO -- : Processing by GamesController#show as HTML
I, [2014-07-14T01:25:02.054423 #6976]  INFO -- :   Parameters: {"id"=>"1"}
I, [2014-07-14T01:25:02.074785 #6976]  INFO -- :   Rendered games/show.html.erb within layouts/application (1.2ms)
I, [2014-07-14T01:25:02.076328 #6976]  INFO -- : Completed 200 OK in 22ms (Views: 4.4ms | ActiveRecord: 1.1ms)
I, [2014-07-14T01:25:02.397709 #6973]  INFO -- : Started GET "/assets/bunker_ac_logo.png" for 190.53.48.241 at 2014-07-14 01:25:02 +0000
I, [2014-07-14T01:30:50.601623 #6984]  INFO -- : Migrating to CreateUserPlayingGames (20140714013042)
I, [2014-07-14T02:14:48.131705 #7029]  INFO -- : Started GET "/" for 190.53.48.241 at 2014-07-14 02:14:48 +0000
I, [2014-07-14T02:14:48.142807 #7029]  INFO -- : Processing by HomeController#index as HTML
I, [2014-07-14T02:14:48.154028 #7029]  INFO -- :   Rendered home/index.html.erb within layouts/application (0.7ms)
I, [2014-07-14T02:14:48.155577 #7029]  INFO -- : Completed 200 OK in 12ms (Views: 3.9ms | ActiveRecord: 0.0ms)
I, [2014-07-14T02:14:48.475795 #7027]  INFO -- : Started GET "/assets/bunker_ac_logo.png" for 190.53.48.241 at 2014-07-14 02:14:48 +0000
I, [2014-07-14T02:14:51.184895 #7029]  INFO -- : Started GET "/" for 190.53.48.241 at 2014-07-14 02:14:51 +0000
I, [2014-07-14T02:14:51.189120 #7029]  INFO -- : Processing by HomeController#index as HTML
I, [2014-07-14T02:14:51.191499 #7029]  INFO -- :   Rendered home/index.html.erb within layouts/application (0.2ms)
I, [2014-07-14T02:14:51.193194 #7029]  INFO -- : Completed 200 OK in 4ms (Views: 2.5ms | ActiveRecord: 0.0ms)
I, [2014-07-14T02:14:51.512070 #7027]  INFO -- : Started GET "/assets/bunker_ac_logo.png" for 190.53.48.241 at 2014-07-14 02:14:51 +0000
I, [2014-07-14T02:14:57.032657 #7029]  INFO -- : Started GET "/auth/facebook" for 190.53.48.241 at 2014-07-14 02:14:57 +0000
I, [2014-07-14T02:14:57.033399 #7029]  INFO -- : (facebook) Request phase initiated.
I, [2014-07-14T02:14:57.789186 #7027]  INFO -- : Started GET "/auth/facebook/callback?code=AQCQlGsq7XFbpgF9-oOw3nBDetqTnbaQviXC-fmu4I72pdniEwer6QEcETwV0yGk6SemIMbECdUpxeDSTEfxFDSI2El-ZgYSsR-P0Z7lkXm6vCLv8Xy_IzF7oPzZhVRG5tigPhDlTUv1YKaajTOhIGMefPMDVre809Hsom44gb2rAXRc5ifG0RTh23dS_uxNh-l6biHNJkZFspQkwwqL8LgYSPUxPHr0dFh2DCh0r2uS3eJstKTOq4Linq0VGORJw_Gc0un5TJA_VDfcRwFKFnW9CDKAhhzBAZUihgA8iIpZgYCxI8_eMaYM9QGo2C7lP68" for 190.53.48.241 at 2014-07-14 02:14:57 +0000
I, [2014-07-14T02:14:57.789972 #7027]  INFO -- : (facebook) Callback phase initiated.
I, [2014-07-14T02:14:58.197200 #7027]  INFO -- : Processing by SessionsController#create as HTML
I, [2014-07-14T02:14:58.197381 #7027]  INFO -- :   Parameters: {"code"=>"AQCQlGsq7XFbpgF9-oOw3nBDetqTnbaQviXC-fmu4I72pdniEwer6QEcETwV0yGk6SemIMbECdUpxeDSTEfxFDSI2El-ZgYSsR-P0Z7lkXm6vCLv8Xy_IzF7oPzZhVRG5tigPhDlTUv1YKaajTOhIGMefPMDVre809Hsom44gb2rAXRc5ifG0RTh23dS_uxNh-l6biHNJkZFspQkwwqL8LgYSPUxPHr0dFh2DCh0r2uS3eJstKTOq4Linq0VGORJw_Gc0un5TJA_VDfcRwFKFnW9CDKAhhzBAZUihgA8iIpZgYCxI8_eMaYM9QGo2C7lP68", "provider"=>"facebook"}
I, [2014-07-14T02:14:58.224721 #7027]  INFO -- : Redirected to http://5.101.107.55/
I, [2014-07-14T02:14:58.225020 #7027]  INFO -- : Completed 302 Found in 27ms (ActiveRecord: 11.3ms)
I, [2014-07-14T02:14:58.377667 #7029]  INFO -- : Started GET "/" for 190.53.48.241 at 2014-07-14 02:14:58 +0000
I, [2014-07-14T02:14:58.379736 #7029]  INFO -- : Processing by HomeController#index as HTML
I, [2014-07-14T02:14:58.401995 #7029]  INFO -- :   Rendered home/index.html.erb within layouts/application (20.9ms)
I, [2014-07-14T02:14:58.403377 #7029]  INFO -- : Completed 200 OK in 23ms (Views: 18.5ms | ActiveRecord: 4.1ms)
I, [2014-07-14T02:14:58.629083 #7027]  INFO -- : Started GET "/assets/bunker_ac_logo.png" for 190.53.48.241 at 2014-07-14 02:14:58 +0000
I, [2014-07-14T02:21:08.390854 #7075]  INFO -- : Started GET "/" for 190.53.48.241 at 2014-07-14 02:21:08 +0000
I, [2014-07-14T02:21:08.409324 #7075]  INFO -- : Processing by HomeController#index as HTML
I, [2014-07-14T02:21:08.478773 #7075]  INFO -- :   Rendered home/index.html.erb within layouts/application (48.5ms)
I, [2014-07-14T02:21:08.482945 #7075]  INFO -- : Completed 200 OK in 73ms (Views: 47.7ms | ActiveRecord: 8.1ms)
I, [2014-07-14T02:21:08.735794 #7077]  INFO -- : Started GET "/assets/bunker_ac_logo.png" for 190.53.48.241 at 2014-07-14 02:21:08 +0000
I, [2014-07-14T02:21:23.776282 #7075]  INFO -- : Started GET "/users" for 190.53.48.241 at 2014-07-14 02:21:23 +0000
F, [2014-07-14T02:21:23.780505 #7075] FATAL -- : 
ActionController::RoutingError (No route matches [GET] "/users"):
  actionpack (4.0.2) lib/action_dispatch/middleware/debug_exceptions.rb:21:in `call'
  actionpack (4.0.2) lib/action_dispatch/middleware/show_exceptions.rb:30:in `call'
  railties (4.0.2) lib/rails/rack/logger.rb:38:in `call_app'
  railties (4.0.2) lib/rails/rack/logger.rb:20:in `block in call'
  activesupport (4.0.2) lib/active_support/tagged_logging.rb:67:in `block in tagged'
  activesupport (4.0.2) lib/active_support/tagged_logging.rb:25:in `tagged'
  activesupport (4.0.2) lib/active_support/tagged_logging.rb:67:in `tagged'
  railties (4.0.2) lib/rails/rack/logger.rb:20:in `call'
  actionpack (4.0.2) lib/action_dispatch/middleware/request_id.rb:21:in `call'
  rack (1.5.2) lib/rack/methodoverride.rb:21:in `call'
  rack (1.5.2) lib/rack/runtime.rb:17:in `call'
  activesupport (4.0.2) lib/active_support/cache/strategy/local_cache.rb:83:in `call'
  rack (1.5.2) lib/rack/sendfile.rb:112:in `call'
  railties (4.0.2) lib/rails/engine.rb:511:in `call'
  railties (4.0.2) lib/rails/application.rb:97:in `call'
  unicorn (4.7.0) lib/unicorn/http_server.rb:580:in `process_client'
  unicorn (4.7.0) lib/unicorn/http_server.rb:660:in `worker_loop'
  unicorn (4.7.0) lib/unicorn/http_server.rb:527:in `spawn_missing_workers'
  unicorn (4.7.0) lib/unicorn/http_server.rb:153:in `start'
  unicorn (4.7.0) bin/unicorn:126:in `<top (required)>'
  /usr/local/rvm/gems/ruby-2.0.0-p353/bin/unicorn:23:in `load'
  /usr/local/rvm/gems/ruby-2.0.0-p353/bin/unicorn:23:in `<main>'
  /usr/local/rvm/gems/ruby-2.0.0-p353/bin/ruby_executable_hooks:15:in `eval'
  /usr/local/rvm/gems/ruby-2.0.0-p353/bin/ruby_executable_hooks:15:in `<main>'


I, [2014-07-14T02:21:30.785798 #7077]  INFO -- : Started GET "/" for 190.53.48.241 at 2014-07-14 02:21:30 +0000
I, [2014-07-14T02:21:30.789452 #7077]  INFO -- : Processing by HomeController#index as HTML
I, [2014-07-14T02:21:30.826159 #7077]  INFO -- :   Rendered home/index.html.erb within layouts/application (25.1ms)
I, [2014-07-14T02:21:30.828456 #7077]  INFO -- : Completed 200 OK in 39ms (Views: 24.8ms | ActiveRecord: 4.3ms)
I, [2014-07-14T02:21:31.162801 #7075]  INFO -- : Started GET "/assets/bunker_ac_logo.png" for 190.53.48.241 at 2014-07-14 02:21:31 +0000
I, [2014-07-14T02:21:38.287140 #7077]  INFO -- : Started GET "/games" for 190.53.48.241 at 2014-07-14 02:21:38 +0000
I, [2014-07-14T02:21:38.292310 #7077]  INFO -- : Processing by GamesController#index as HTML
I, [2014-07-14T02:21:38.302869 #7077]  INFO -- :   Rendered games/index.html.erb within layouts/application (5.3ms)
I, [2014-07-14T02:21:38.306530 #7077]  INFO -- : Completed 200 OK in 14ms (Views: 10.7ms | ActiveRecord: 0.8ms)
I, [2014-07-14T02:21:38.531277 #7075]  INFO -- : Started GET "/assets/bunker_ac_logo.png" for 190.53.48.241 at 2014-07-14 02:21:38 +0000
I, [2014-07-14T02:21:40.486802 #7077]  INFO -- : Started GET "/games/1" for 190.53.48.241 at 2014-07-14 02:21:40 +0000
I, [2014-07-14T02:21:40.492289 #7077]  INFO -- : Processing by GamesController#show as HTML
I, [2014-07-14T02:21:40.492513 #7077]  INFO -- :   Parameters: {"id"=>"1"}
I, [2014-07-14T02:21:40.499833 #7077]  INFO -- :   Rendered games/show.html.erb within layouts/application (2.1ms)
I, [2014-07-14T02:21:40.503729 #7077]  INFO -- : Completed 200 OK in 11ms (Views: 7.2ms | ActiveRecord: 0.8ms)
I, [2014-07-14T02:21:40.718444 #7075]  INFO -- : Started GET "/assets/bunker_ac_logo.png" for 190.53.48.241 at 2014-07-14 02:21:40 +0000
I, [2014-07-14T02:23:21.299961 #7075]  INFO -- : Started GET "/userplayinggame" for 190.53.48.241 at 2014-07-14 02:23:21 +0000
F, [2014-07-14T02:23:21.301983 #7075] FATAL -- : 
ActionController::RoutingError (No route matches [GET] "/userplayinggame"):
  actionpack (4.0.2) lib/action_dispatch/middleware/debug_exceptions.rb:21:in `call'
  actionpack (4.0.2) lib/action_dispatch/middleware/show_exceptions.rb:30:in `call'
  railties (4.0.2) lib/rails/rack/logger.rb:38:in `call_app'
  railties (4.0.2) lib/rails/rack/logger.rb:20:in `block in call'
  activesupport (4.0.2) lib/active_support/tagged_logging.rb:67:in `block in tagged'
  activesupport (4.0.2) lib/active_support/tagged_logging.rb:25:in `tagged'
  activesupport (4.0.2) lib/active_support/tagged_logging.rb:67:in `tagged'
  railties (4.0.2) lib/rails/rack/logger.rb:20:in `call'
  actionpack (4.0.2) lib/action_dispatch/middleware/request_id.rb:21:in `call'
  rack (1.5.2) lib/rack/methodoverride.rb:21:in `call'
  rack (1.5.2) lib/rack/runtime.rb:17:in `call'
  activesupport (4.0.2) lib/active_support/cache/strategy/local_cache.rb:83:in `call'
  rack (1.5.2) lib/rack/sendfile.rb:112:in `call'
  railties (4.0.2) lib/rails/engine.rb:511:in `call'
  railties (4.0.2) lib/rails/application.rb:97:in `call'
  unicorn (4.7.0) lib/unicorn/http_server.rb:580:in `process_client'
  unicorn (4.7.0) lib/unicorn/http_server.rb:660:in `worker_loop'
  unicorn (4.7.0) lib/unicorn/http_server.rb:527:in `spawn_missing_workers'
  unicorn (4.7.0) lib/unicorn/http_server.rb:153:in `start'
  unicorn (4.7.0) bin/unicorn:126:in `<top (required)>'
  /usr/local/rvm/gems/ruby-2.0.0-p353/bin/unicorn:23:in `load'
  /usr/local/rvm/gems/ruby-2.0.0-p353/bin/unicorn:23:in `<main>'
  /usr/local/rvm/gems/ruby-2.0.0-p353/bin/ruby_executable_hooks:15:in `eval'
  /usr/local/rvm/gems/ruby-2.0.0-p353/bin/ruby_executable_hooks:15:in `<main>'


I, [2014-07-14T02:23:24.755217 #7077]  INFO -- : Started GET "/userplayinggames" for 190.53.48.241 at 2014-07-14 02:23:24 +0000
F, [2014-07-14T02:23:24.757377 #7077] FATAL -- : 
ActionController::RoutingError (No route matches [GET] "/userplayinggames"):
  actionpack (4.0.2) lib/action_dispatch/middleware/debug_exceptions.rb:21:in `call'
  actionpack (4.0.2) lib/action_dispatch/middleware/show_exceptions.rb:30:in `call'
  railties (4.0.2) lib/rails/rack/logger.rb:38:in `call_app'
  railties (4.0.2) lib/rails/rack/logger.rb:20:in `block in call'
  activesupport (4.0.2) lib/active_support/tagged_logging.rb:67:in `block in tagged'
  activesupport (4.0.2) lib/active_support/tagged_logging.rb:25:in `tagged'
  activesupport (4.0.2) lib/active_support/tagged_logging.rb:67:in `tagged'
  railties (4.0.2) lib/rails/rack/logger.rb:20:in `call'
  actionpack (4.0.2) lib/action_dispatch/middleware/request_id.rb:21:in `call'
  rack (1.5.2) lib/rack/methodoverride.rb:21:in `call'
  rack (1.5.2) lib/rack/runtime.rb:17:in `call'
  activesupport (4.0.2) lib/active_support/cache/strategy/local_cache.rb:83:in `call'
  rack (1.5.2) lib/rack/sendfile.rb:112:in `call'
  railties (4.0.2) lib/rails/engine.rb:511:in `call'
  railties (4.0.2) lib/rails/application.rb:97:in `call'
  unicorn (4.7.0) lib/unicorn/http_server.rb:580:in `process_client'
  unicorn (4.7.0) lib/unicorn/http_server.rb:660:in `worker_loop'
  unicorn (4.7.0) lib/unicorn/http_server.rb:527:in `spawn_missing_workers'
  unicorn (4.7.0) lib/unicorn/http_server.rb:153:in `start'
  unicorn (4.7.0) bin/unicorn:126:in `<top (required)>'
  /usr/local/rvm/gems/ruby-2.0.0-p353/bin/unicorn:23:in `load'
  /usr/local/rvm/gems/ruby-2.0.0-p353/bin/unicorn:23:in `<main>'
  /usr/local/rvm/gems/ruby-2.0.0-p353/bin/ruby_executable_hooks:15:in `eval'
  /usr/local/rvm/gems/ruby-2.0.0-p353/bin/ruby_executable_hooks:15:in `<main>'


I, [2014-07-14T02:23:53.082487 #7075]  INFO -- : Started GET "/user_playing_games" for 190.53.48.241 at 2014-07-14 02:23:53 +0000
I, [2014-07-14T02:23:53.085630 #7075]  INFO -- : Processing by UserPlayingGamesController#index as HTML
I, [2014-07-14T02:23:53.090835 #7075]  INFO -- :   Rendered user_playing_games/index.html.erb within layouts/application (2.0ms)
I, [2014-07-14T02:23:53.092760 #7075]  INFO -- : Completed 200 OK in 7ms (Views: 5.1ms | ActiveRecord: 0.4ms)
I, [2014-07-14T02:23:53.603070 #7077]  INFO -- : Started GET "/assets/bunker_ac_logo.png" for 190.53.48.241 at 2014-07-14 02:23:53 +0000
I, [2014-07-14T02:23:55.527549 #7075]  INFO -- : Started GET "/user_playing_games/new" for 190.53.48.241 at 2014-07-14 02:23:55 +0000
I, [2014-07-14T02:23:55.532901 #7075]  INFO -- : Processing by UserPlayingGamesController#new as HTML
I, [2014-07-14T02:23:55.585120 #7075]  INFO -- :   Rendered user_playing_games/_form.html.erb (43.4ms)
I, [2014-07-14T02:23:55.585775 #7075]  INFO -- :   Rendered user_playing_games/new.html.erb within layouts/application (46.7ms)
I, [2014-07-14T02:23:55.589859 #7075]  INFO -- : Completed 200 OK in 57ms (Views: 51.9ms | ActiveRecord: 1.6ms)
I, [2014-07-14T02:23:56.195388 #7077]  INFO -- : Started GET "/assets/bunker_ac_logo.png" for 190.53.48.241 at 2014-07-14 02:23:56 +0000
I, [2014-07-14T02:23:59.764067 #7075]  INFO -- : Started POST "/user_playing_games" for 190.53.48.241 at 2014-07-14 02:23:59 +0000
I, [2014-07-14T02:23:59.768710 #7075]  INFO -- : Processing by UserPlayingGamesController#create as HTML
I, [2014-07-14T02:23:59.768928 #7075]  INFO -- :   Parameters: {"utf8"=>"", "authenticity_token"=>"BWJifNEnnLPolJuw9/EE/NczCryDqbOQRMNhG7FNHio=", "user_playing_game"=>{"user_id"=>"1", "game_id"=>"1", "is_playing"=>"1"}, "commit"=>"Create User playing game"}
I, [2014-07-14T02:23:59.794631 #7075]  INFO -- : Redirected to http://5.101.107.55/user_playing_games/1
I, [2014-07-14T02:23:59.795190 #7075]  INFO -- : Completed 302 Found in 26ms (ActiveRecord: 16.0ms)
I, [2014-07-14T02:23:59.955195 #7077]  INFO -- : Started GET "/user_playing_games/1" for 190.53.48.241 at 2014-07-14 02:23:59 +0000
I, [2014-07-14T02:23:59.957842 #7077]  INFO -- : Processing by UserPlayingGamesController#show as HTML
I, [2014-07-14T02:23:59.957908 #7077]  INFO -- :   Parameters: {"id"=>"1"}
I, [2014-07-14T02:23:59.970313 #7077]  INFO -- :   Rendered user_playing_games/show.html.erb within layouts/application (1.2ms)
I, [2014-07-14T02:23:59.972130 #7077]  INFO -- : Completed 200 OK in 14ms (Views: 4.4ms | ActiveRecord: 0.9ms)
I, [2014-07-14T02:24:00.210426 #7075]  INFO -- : Started GET "/assets/bunker_ac_logo.png" for 190.53.48.241 at 2014-07-14 02:24:00 +0000
I, [2014-07-14T02:24:05.686910 #7077]  INFO -- : Started GET "/" for 190.53.48.241 at 2014-07-14 02:24:05 +0000
I, [2014-07-14T02:24:05.690732 #7077]  INFO -- : Processing by HomeController#index as HTML
I, [2014-07-14T02:24:05.695599 #7077]  INFO -- :   Rendered home/index.html.erb within layouts/application (3.2ms)
I, [2014-07-14T02:24:05.696855 #7077]  INFO -- : Completed 200 OK in 6ms (Views: 4.1ms | ActiveRecord: 0.8ms)
I, [2014-07-14T02:24:06.343212 #7075]  INFO -- : Started GET "/assets/bunker_ac_logo.png" for 190.53.48.241 at 2014-07-14 02:24:06 +0000
I, [2014-07-14T02:24:23.490078 #7075]  INFO -- : Started GET "/user_playing_games/1/edit" for 190.53.48.241 at 2014-07-14 02:24:23 +0000
I, [2014-07-14T02:24:23.492166 #7075]  INFO -- : Processing by UserPlayingGamesController#edit as HTML
I, [2014-07-14T02:24:23.492240 #7075]  INFO -- :   Parameters: {"id"=>"1"}
I, [2014-07-14T02:24:23.500872 #7075]  INFO -- :   Rendered user_playing_games/_form.html.erb (3.8ms)
I, [2014-07-14T02:24:23.501381 #7075]  INFO -- :   Rendered user_playing_games/edit.html.erb within layouts/application (5.0ms)
I, [2014-07-14T02:24:23.503396 #7075]  INFO -- : Completed 200 OK in 11ms (Views: 7.6ms | ActiveRecord: 0.6ms)
I, [2014-07-14T02:24:23.951300 #7077]  INFO -- : Started GET "/assets/bunker_ac_logo.png" for 190.53.48.241 at 2014-07-14 02:24:23 +0000
I, [2014-07-14T02:24:26.481849 #7077]  INFO -- : Started PATCH "/user_playing_games/1" for 190.53.48.241 at 2014-07-14 02:24:26 +0000
I, [2014-07-14T02:24:26.484818 #7077]  INFO -- : Processing by UserPlayingGamesController#update as HTML
I, [2014-07-14T02:24:26.484904 #7077]  INFO -- :   Parameters: {"utf8"=>"", "authenticity_token"=>"BWJifNEnnLPolJuw9/EE/NczCryDqbOQRMNhG7FNHio=", "user_playing_game"=>{"user_id"=>"1", "game_id"=>"1", "is_playing"=>"0"}, "commit"=>"Update User playing game", "id"=>"1"}
I, [2014-07-14T02:24:26.506168 #7077]  INFO -- : Redirected to http://5.101.107.55/user_playing_games/1
I, [2014-07-14T02:24:26.506821 #7077]  INFO -- : Completed 302 Found in 22ms (ActiveRecord: 12.7ms)
I, [2014-07-14T02:24:26.853584 #7075]  INFO -- : Started GET "/user_playing_games/1" for 190.53.48.241 at 2014-07-14 02:24:26 +0000
I, [2014-07-14T02:24:26.857325 #7075]  INFO -- : Processing by UserPlayingGamesController#show as HTML
I, [2014-07-14T02:24:26.857470 #7075]  INFO -- :   Parameters: {"id"=>"1"}
I, [2014-07-14T02:24:26.865400 #7075]  INFO -- :   Rendered user_playing_games/show.html.erb within layouts/application (2.5ms)
I, [2014-07-14T02:24:26.869168 #7075]  INFO -- : Completed 200 OK in 11ms (Views: 7.5ms | ActiveRecord: 0.8ms)
I, [2014-07-14T02:24:27.105816 #7077]  INFO -- : Started GET "/assets/bunker_ac_logo.png" for 190.53.48.241 at 2014-07-14 02:24:27 +0000
I, [2014-07-14T02:24:30.082881 #7075]  INFO -- : Started GET "/" for 190.53.48.241 at 2014-07-14 02:24:30 +0000
I, [2014-07-14T02:24:30.085841 #7075]  INFO -- : Processing by HomeController#index as HTML
I, [2014-07-14T02:24:30.089506 #7075]  INFO -- :   Rendered home/index.html.erb within layouts/application (2.4ms)
I, [2014-07-14T02:24:30.090532 #7075]  INFO -- : Completed 200 OK in 5ms (Views: 3.1ms | ActiveRecord: 0.7ms)
I, [2014-07-14T02:24:30.305574 #7077]  INFO -- : Started GET "/assets/bunker_ac_logo.png" for 190.53.48.241 at 2014-07-14 02:24:30 +0000
I, [2014-07-14T02:24:34.960075 #7077]  INFO -- : Started GET "/user_playing_games/1/edit" for 190.53.48.241 at 2014-07-14 02:24:34 +0000
I, [2014-07-14T02:24:34.962306 #7077]  INFO -- : Processing by UserPlayingGamesController#edit as HTML
I, [2014-07-14T02:24:34.962385 #7077]  INFO -- :   Parameters: {"id"=>"1"}
I, [2014-07-14T02:24:35.019776 #7077]  INFO -- :   Rendered user_playing_games/_form.html.erb (53.3ms)
I, [2014-07-14T02:24:35.020367 #7077]  INFO -- :   Rendered user_playing_games/edit.html.erb within layouts/application (55.1ms)
I, [2014-07-14T02:24:35.022453 #7077]  INFO -- : Completed 200 OK in 60ms (Views: 57.8ms | ActiveRecord: 0.4ms)
I, [2014-07-14T02:24:35.703881 #7075]  INFO -- : Started GET "/assets/bunker_ac_logo.png" for 190.53.48.241 at 2014-07-14 02:24:35 +0000
I, [2014-07-14T02:24:37.758537 #7075]  INFO -- : Started PATCH "/user_playing_games/1" for 190.53.48.241 at 2014-07-14 02:24:37 +0000
I, [2014-07-14T02:24:37.761093 #7075]  INFO -- : Processing by UserPlayingGamesController#update as HTML
I, [2014-07-14T02:24:37.761205 #7075]  INFO -- :   Parameters: {"utf8"=>"", "authenticity_token"=>"BWJifNEnnLPolJuw9/EE/NczCryDqbOQRMNhG7FNHio=", "user_playing_game"=>{"user_id"=>"1", "game_id"=>"1", "is_playing"=>"1"}, "commit"=>"Update User playing game", "id"=>"1"}
I, [2014-07-14T02:24:37.770318 #7075]  INFO -- : Redirected to http://5.101.107.55/user_playing_games/1
I, [2014-07-14T02:24:37.770572 #7075]  INFO -- : Completed 302 Found in 9ms (ActiveRecord: 3.4ms)
I, [2014-07-14T02:24:38.211745 #7077]  INFO -- : Started GET "/user_playing_games/1" for 190.53.48.241 at 2014-07-14 02:24:38 +0000
I, [2014-07-14T02:24:38.213766 #7077]  INFO -- : Processing by UserPlayingGamesController#show as HTML
I, [2014-07-14T02:24:38.213836 #7077]  INFO -- :   Parameters: {"id"=>"1"}
I, [2014-07-14T02:24:38.216674 #7077]  INFO -- :   Rendered user_playing_games/show.html.erb within layouts/application (0.5ms)
I, [2014-07-14T02:24:38.217988 #7077]  INFO -- : Completed 200 OK in 4ms (Views: 2.1ms | ActiveRecord: 0.4ms)
I, [2014-07-14T02:24:38.827487 #7075]  INFO -- : Started GET "/assets/bunker_ac_logo.png" for 190.53.48.241 at 2014-07-14 02:24:38 +0000
I, [2014-07-14T02:24:40.635465 #7075]  INFO -- : Started GET "/" for 190.53.48.241 at 2014-07-14 02:24:40 +0000
I, [2014-07-14T02:24:40.637403 #7075]  INFO -- : Processing by HomeController#index as HTML
I, [2014-07-14T02:24:40.641657 #7075]  INFO -- :   Rendered home/index.html.erb within layouts/application (2.5ms)
I, [2014-07-14T02:24:40.642722 #7075]  INFO -- : Completed 200 OK in 5ms (Views: 3.7ms | ActiveRecord: 0.6ms)
I, [2014-07-14T02:24:41.143539 #7077]  INFO -- : Started GET "/assets/bunker_ac_logo.png" for 190.53.48.241 at 2014-07-14 02:24:41 +0000
I, [2014-07-14T02:24:51.952634 #7077]  INFO -- : Started GET "/user_playing_games/1/edit" for 190.53.48.241 at 2014-07-14 02:24:51 +0000
I, [2014-07-14T02:24:51.955170 #7077]  INFO -- : Processing by UserPlayingGamesController#edit as HTML
I, [2014-07-14T02:24:51.955308 #7077]  INFO -- :   Parameters: {"id"=>"1"}
I, [2014-07-14T02:24:51.965273 #7077]  INFO -- :   Rendered user_playing_games/_form.html.erb (6.3ms)
I, [2014-07-14T02:24:51.966099 #7077]  INFO -- :   Rendered user_playing_games/edit.html.erb within layouts/application (7.4ms)
I, [2014-07-14T02:24:51.969055 #7077]  INFO -- : Completed 200 OK in 14ms (Views: 10.4ms | ActiveRecord: 0.7ms)
I, [2014-07-14T02:24:52.264730 #7075]  INFO -- : Started GET "/assets/bunker_ac_logo.png" for 190.53.48.241 at 2014-07-14 02:24:52 +0000
I, [2014-07-14T02:24:55.369799 #7077]  INFO -- : Started PATCH "/user_playing_games/1" for 190.53.48.241 at 2014-07-14 02:24:55 +0000
I, [2014-07-14T02:24:55.371297 #7077]  INFO -- : Processing by UserPlayingGamesController#update as HTML
I, [2014-07-14T02:24:55.371381 #7077]  INFO -- :   Parameters: {"utf8"=>"", "authenticity_token"=>"BWJifNEnnLPolJuw9/EE/NczCryDqbOQRMNhG7FNHio=", "user_playing_game"=>{"user_id"=>"1", "game_id"=>"2", "is_playing"=>"1"}, "commit"=>"Update User playing game", "id"=>"1"}
I, [2014-07-14T02:24:55.385637 #7077]  INFO -- : Redirected to http://5.101.107.55/user_playing_games/1
I, [2014-07-14T02:24:55.385815 #7077]  INFO -- : Completed 302 Found in 14ms (ActiveRecord: 10.9ms)
I, [2014-07-14T02:24:55.870334 #7075]  INFO -- : Started GET "/user_playing_games/1" for 190.53.48.241 at 2014-07-14 02:24:55 +0000
I, [2014-07-14T02:24:55.871938 #7075]  INFO -- : Processing by UserPlayingGamesController#show as HTML
I, [2014-07-14T02:24:55.872003 #7075]  INFO -- :   Parameters: {"id"=>"1"}
I, [2014-07-14T02:24:55.874513 #7075]  INFO -- :   Rendered user_playing_games/show.html.erb within layouts/application (0.5ms)
I, [2014-07-14T02:24:55.875880 #7075]  INFO -- : Completed 200 OK in 4ms (Views: 2.0ms | ActiveRecord: 0.4ms)
I, [2014-07-14T02:24:56.503400 #7077]  INFO -- : Started GET "/assets/bunker_ac_logo.png" for 190.53.48.241 at 2014-07-14 02:24:56 +0000
I, [2014-07-14T02:24:58.569312 #7075]  INFO -- : Started GET "/" for 190.53.48.241 at 2014-07-14 02:24:58 +0000
I, [2014-07-14T02:24:58.571788 #7075]  INFO -- : Processing by HomeController#index as HTML
I, [2014-07-14T02:24:58.576915 #7075]  INFO -- :   Rendered home/index.html.erb within layouts/application (3.3ms)
I, [2014-07-14T02:24:58.578390 #7075]  INFO -- : Completed 200 OK in 6ms (Views: 4.2ms | ActiveRecord: 1.1ms)
I, [2014-07-14T02:24:58.820830 #7077]  INFO -- : Started GET "/assets/bunker_ac_logo.png" for 190.53.48.241 at 2014-07-14 02:24:58 +0000
I, [2014-07-14T02:25:02.017888 #7077]  INFO -- : Started GET "/user_playing_games/1/edit" for 190.53.48.241 at 2014-07-14 02:25:02 +0000
I, [2014-07-14T02:25:02.020006 #7077]  INFO -- : Processing by UserPlayingGamesController#edit as HTML
I, [2014-07-14T02:25:02.020121 #7077]  INFO -- :   Parameters: {"id"=>"1"}
I, [2014-07-14T02:25:02.027893 #7077]  INFO -- :   Rendered user_playing_games/_form.html.erb (4.8ms)
I, [2014-07-14T02:25:02.028613 #7077]  INFO -- :   Rendered user_playing_games/edit.html.erb within layouts/application (5.7ms)
I, [2014-07-14T02:25:02.030846 #7077]  INFO -- : Completed 200 OK in 11ms (Views: 8.0ms | ActiveRecord: 0.6ms)
I, [2014-07-14T02:25:02.849796 #7075]  INFO -- : Started GET "/assets/bunker_ac_logo.png" for 190.53.48.241 at 2014-07-14 02:25:02 +0000
I, [2014-07-14T02:25:06.963805 #7075]  INFO -- : Started PATCH "/user_playing_games/1" for 190.53.48.241 at 2014-07-14 02:25:06 +0000
I, [2014-07-14T02:25:06.965477 #7075]  INFO -- : Processing by UserPlayingGamesController#update as HTML
I, [2014-07-14T02:25:06.965557 #7075]  INFO -- :   Parameters: {"utf8"=>"", "authenticity_token"=>"BWJifNEnnLPolJuw9/EE/NczCryDqbOQRMNhG7FNHio=", "user_playing_game"=>{"user_id"=>"2", "game_id"=>"1", "is_playing"=>"1"}, "commit"=>"Update User playing game", "id"=>"1"}
I, [2014-07-14T02:25:06.972461 #7075]  INFO -- : Redirected to http://5.101.107.55/user_playing_games/1
I, [2014-07-14T02:25:06.972661 #7075]  INFO -- : Completed 302 Found in 7ms (ActiveRecord: 3.7ms)
I, [2014-07-14T02:25:07.121135 #7077]  INFO -- : Started GET "/user_playing_games/1" for 190.53.48.241 at 2014-07-14 02:25:07 +0000
I, [2014-07-14T02:25:07.122539 #7077]  INFO -- : Processing by UserPlayingGamesController#show as HTML
I, [2014-07-14T02:25:07.122604 #7077]  INFO -- :   Parameters: {"id"=>"1"}
I, [2014-07-14T02:25:07.124918 #7077]  INFO -- :   Rendered user_playing_games/show.html.erb within layouts/application (0.5ms)
I, [2014-07-14T02:25:07.126176 #7077]  INFO -- : Completed 200 OK in 3ms (Views: 1.9ms | ActiveRecord: 0.4ms)
I, [2014-07-14T02:25:07.328043 #7075]  INFO -- : Started GET "/assets/bunker_ac_logo.png" for 190.53.48.241 at 2014-07-14 02:25:07 +0000
I, [2014-07-14T02:25:09.101947 #7075]  INFO -- : Started GET "/" for 190.53.48.241 at 2014-07-14 02:25:09 +0000
I, [2014-07-14T02:25:09.103728 #7075]  INFO -- : Processing by HomeController#index as HTML
I, [2014-07-14T02:25:09.107143 #7075]  INFO -- :   Rendered home/index.html.erb within layouts/application (2.2ms)
I, [2014-07-14T02:25:09.108094 #7075]  INFO -- : Completed 200 OK in 4ms (Views: 2.9ms | ActiveRecord: 0.6ms)
I, [2014-07-14T02:25:09.635514 #7077]  INFO -- : Started GET "/assets/bunker_ac_logo.png" for 190.53.48.241 at 2014-07-14 02:25:09 +0000
I, [2014-07-14T02:25:12.759028 #7077]  INFO -- : Started GET "/user_playing_games/1/edit" for 190.53.48.241 at 2014-07-14 02:25:12 +0000
I, [2014-07-14T02:25:12.760795 #7077]  INFO -- : Processing by UserPlayingGamesController#edit as HTML
I, [2014-07-14T02:25:12.760868 #7077]  INFO -- :   Parameters: {"id"=>"1"}
I, [2014-07-14T02:25:12.766216 #7077]  INFO -- :   Rendered user_playing_games/_form.html.erb (3.1ms)
I, [2014-07-14T02:25:12.766629 #7077]  INFO -- :   Rendered user_playing_games/edit.html.erb within layouts/application (3.7ms)
I, [2014-07-14T02:25:12.768123 #7077]  INFO -- : Completed 200 OK in 7ms (Views: 5.3ms | ActiveRecord: 0.4ms)
I, [2014-07-14T02:25:13.180277 #7075]  INFO -- : Started GET "/assets/bunker_ac_logo.png" for 190.53.48.241 at 2014-07-14 02:25:13 +0000
I, [2014-07-14T02:25:15.831695 #7075]  INFO -- : Started PATCH "/user_playing_games/1" for 190.53.48.241 at 2014-07-14 02:25:15 +0000
I, [2014-07-14T02:25:15.833335 #7075]  INFO -- : Processing by UserPlayingGamesController#update as HTML
I, [2014-07-14T02:25:15.833413 #7075]  INFO -- :   Parameters: {"utf8"=>"", "authenticity_token"=>"BWJifNEnnLPolJuw9/EE/NczCryDqbOQRMNhG7FNHio=", "user_playing_game"=>{"user_id"=>"1", "game_id"=>"1", "is_playing"=>"1"}, "commit"=>"Update User playing game", "id"=>"1"}
I, [2014-07-14T02:25:15.840803 #7075]  INFO -- : Redirected to http://5.101.107.55/user_playing_games/1
I, [2014-07-14T02:25:15.840989 #7075]  INFO -- : Completed 302 Found in 7ms (ActiveRecord: 4.4ms)
I, [2014-07-14T02:25:16.665674 #7077]  INFO -- : Started GET "/user_playing_games/1" for 190.53.48.241 at 2014-07-14 02:25:16 +0000
I, [2014-07-14T02:25:16.667507 #7077]  INFO -- : Processing by UserPlayingGamesController#show as HTML
I, [2014-07-14T02:25:16.667594 #7077]  INFO -- :   Parameters: {"id"=>"1"}
I, [2014-07-14T02:25:16.670111 #7077]  INFO -- :   Rendered user_playing_games/show.html.erb within layouts/application (0.4ms)
I, [2014-07-14T02:25:16.671423 #7077]  INFO -- : Completed 200 OK in 4ms (Views: 1.9ms | ActiveRecord: 0.3ms)
I, [2014-07-14T02:25:17.560220 #7075]  INFO -- : Started GET "/assets/bunker_ac_logo.png" for 190.53.48.241 at 2014-07-14 02:25:17 +0000
I, [2014-07-14T02:25:18.359946 #7075]  INFO -- : Started GET "/" for 190.53.48.241 at 2014-07-14 02:25:18 +0000
