  actionpack (4.0.2) lib/action_dispatch/routing/route_set.rb:680:in `call'
  omniauth (1.2.2) lib/omniauth/strategy.rb:186:in `call!'
  omniauth (1.2.2) lib/omniauth/strategy.rb:164:in `call'
  omniauth (1.2.2) lib/omniauth/builder.rb:59:in `call'
  rack (1.5.2) lib/rack/etag.rb:23:in `call'
  rack (1.5.2) lib/rack/conditionalget.rb:25:in `call'
  rack (1.5.2) lib/rack/head.rb:11:in `call'
  actionpack (4.0.2) lib/action_dispatch/middleware/params_parser.rb:27:in `call'
  actionpack (4.0.2) lib/action_dispatch/middleware/flash.rb:241:in `call'
  rack (1.5.2) lib/rack/session/abstract/id.rb:225:in `context'
  rack (1.5.2) lib/rack/session/abstract/id.rb:220:in `call'
  actionpack (4.0.2) lib/action_dispatch/middleware/cookies.rb:486:in `call'
  activerecord (4.0.2) lib/active_record/query_cache.rb:36:in `call'
  activerecord (4.0.2) lib/active_record/connection_adapters/abstract/connection_pool.rb:626:in `call'
  actionpack (4.0.2) lib/action_dispatch/middleware/callbacks.rb:29:in `block in call'
  activesupport (4.0.2) lib/active_support/callbacks.rb:373:in `_run__2969836427260991796__call__callbacks'
  activesupport (4.0.2) lib/active_support/callbacks.rb:80:in `run_callbacks'
  actionpack (4.0.2) lib/action_dispatch/middleware/callbacks.rb:27:in `call'
  actionpack (4.0.2) lib/action_dispatch/middleware/remote_ip.rb:76:in `call'
  actionpack (4.0.2) lib/action_dispatch/middleware/debug_exceptions.rb:17:in `call'
  actionpack (4.0.2) lib/action_dispatch/middleware/show_exceptions.rb:30:in `call'
  railties (4.0.2) lib/rails/rack/logger.rb:38:in `call_app'
  railties (4.0.2) lib/rails/rack/logger.rb:20:in `block in call'
  activesupport (4.0.2) lib/active_support/tagged_logging.rb:67:in `block in tagged'
  activesupport (4.0.2) lib/active_support/tagged_logging.rb:25:in `tagged'
  activesupport (4.0.2) lib/active_support/tagged_logging.rb:67:in `tagged'
  railties (4.0.2) lib/rails/rack/logger.rb:20:in `call'
  actionpack (4.0.2) lib/action_dispatch/middleware/request_id.rb:21:in `call'
  rack (1.5.2) lib/rack/methodoverride.rb:21:in `call'
  rack (1.5.2) lib/rack/runtime.rb:17:in `call'
  activesupport (4.0.2) lib/active_support/cache/strategy/local_cache.rb:83:in `call'
  rack (1.5.2) lib/rack/sendfile.rb:112:in `call'
  railties (4.0.2) lib/rails/engine.rb:511:in `call'
  railties (4.0.2) lib/rails/application.rb:97:in `call'
  unicorn (4.7.0) lib/unicorn/http_server.rb:580:in `process_client'
  unicorn (4.7.0) lib/unicorn/http_server.rb:660:in `worker_loop'
  unicorn (4.7.0) lib/unicorn/http_server.rb:527:in `spawn_missing_workers'
  unicorn (4.7.0) lib/unicorn/http_server.rb:153:in `start'
  unicorn (4.7.0) bin/unicorn:126:in `<top (required)>'
  /usr/local/rvm/gems/ruby-2.0.0-p353/bin/unicorn:23:in `load'
  /usr/local/rvm/gems/ruby-2.0.0-p353/bin/unicorn:23:in `<main>'
  /usr/local/rvm/gems/ruby-2.0.0-p353/bin/ruby_executable_hooks:15:in `eval'
  /usr/local/rvm/gems/ruby-2.0.0-p353/bin/ruby_executable_hooks:15:in `<main>'


I, [2014-07-14T03:05:48.227038 #7335]  INFO -- : Started GET "/" for 190.53.48.241 at 2014-07-14 03:05:48 +0000
I, [2014-07-14T03:05:48.237100 #7335]  INFO -- : Processing by HomeController#index as HTML
I, [2014-07-14T03:05:48.249100 #7335]  INFO -- :   Rendered home/index.html.erb within layouts/application (1.4ms)
I, [2014-07-14T03:05:48.249328 #7335]  INFO -- : Completed 500 Internal Server Error in 12ms
F, [2014-07-14T03:05:48.252999 #7335] FATAL -- : 
ActionView::Template::Error (/home/rails/app/views/home/index.html.erb:26: syntax error, unexpected tIDENTIFIER, expecting ')'
...ame.where(:user_id=current_user.id, :game_id=>g.id) 
...                               ^
/home/rails/app/views/home/index.html.erb:26: syntax error, unexpected =>, expecting :: or '[' or '.'
..._id=current_user.id, :game_id=>g.id) 
...                               ^
/home/rails/app/views/home/index.html.erb:26: syntax error, unexpected ')', expecting keyword_end
...urrent_user.id, :game_id=>g.id) 
...                               ^):
    23:       <%= g.name %>
    24:       <%= userIsPlayingGame(current_user.id,g.id) %>
    25: 
    26:       <% upg = UserPlayingGame.where(:user_id=current_user.id, :game_id=>g.id) %>
    27:       <% if upg==nil %>
    28:         <% upg = UserPlayingGame.new %>
    29:       <% end %>
  actionpack (4.0.2) lib/action_view/template.rb:299:in `module_eval'
  actionpack (4.0.2) lib/action_view/template.rb:299:in `compile'
  actionpack (4.0.2) lib/action_view/template.rb:248:in `block in compile!'
  actionpack (4.0.2) lib/action_view/template.rb:236:in `synchronize'
  actionpack (4.0.2) lib/action_view/template.rb:236:in `compile!'
  actionpack (4.0.2) lib/action_view/template.rb:142:in `block in render'
  activesupport (4.0.2) lib/active_support/notifications.rb:161:in `instrument'
  actionpack (4.0.2) lib/action_view/template.rb:141:in `render'
  actionpack (4.0.2) lib/action_view/renderer/template_renderer.rb:49:in `block (2 levels) in render_template'
  actionpack (4.0.2) lib/action_view/renderer/abstract_renderer.rb:38:in `block in instrument'
  activesupport (4.0.2) lib/active_support/notifications.rb:159:in `block in instrument'
  activesupport (4.0.2) lib/active_support/notifications/instrumenter.rb:20:in `instrument'
  activesupport (4.0.2) lib/active_support/notifications.rb:159:in `instrument'
  actionpack (4.0.2) lib/action_view/renderer/abstract_renderer.rb:38:in `instrument'
  actionpack (4.0.2) lib/action_view/renderer/template_renderer.rb:48:in `block in render_template'
  actionpack (4.0.2) lib/action_view/renderer/template_renderer.rb:56:in `render_with_layout'
  actionpack (4.0.2) lib/action_view/renderer/template_renderer.rb:47:in `render_template'
  actionpack (4.0.2) lib/action_view/renderer/template_renderer.rb:17:in `render'
  actionpack (4.0.2) lib/action_view/renderer/renderer.rb:42:in `render_template'
  actionpack (4.0.2) lib/action_view/renderer/renderer.rb:23:in `render'
  actionpack (4.0.2) lib/abstract_controller/rendering.rb:127:in `_render_template'
  actionpack (4.0.2) lib/action_controller/metal/streaming.rb:219:in `_render_template'
  actionpack (4.0.2) lib/abstract_controller/rendering.rb:120:in `render_to_body'
  actionpack (4.0.2) lib/action_controller/metal/rendering.rb:33:in `render_to_body'
  actionpack (4.0.2) lib/action_controller/metal/renderers.rb:26:in `render_to_body'
  actionpack (4.0.2) lib/abstract_controller/rendering.rb:97:in `render'
  actionpack (4.0.2) lib/action_controller/metal/rendering.rb:16:in `render'
  actionpack (4.0.2) lib/action_controller/metal/instrumentation.rb:41:in `block (2 levels) in render'
  activesupport (4.0.2) lib/active_support/core_ext/benchmark.rb:12:in `block in ms'
  /usr/local/rvm/rubies/ruby-2.0.0-p353/lib/ruby/2.0.0/benchmark.rb:296:in `realtime'
  activesupport (4.0.2) lib/active_support/core_ext/benchmark.rb:12:in `ms'
  actionpack (4.0.2) lib/action_controller/metal/instrumentation.rb:41:in `block in render'
  actionpack (4.0.2) lib/action_controller/metal/instrumentation.rb:84:in `cleanup_view_runtime'
  activerecord (4.0.2) lib/active_record/railties/controller_runtime.rb:25:in `cleanup_view_runtime'
  actionpack (4.0.2) lib/action_controller/metal/instrumentation.rb:40:in `render'
  actionpack (4.0.2) lib/action_controller/metal/implicit_render.rb:10:in `default_render'
  actionpack (4.0.2) lib/action_controller/metal/implicit_render.rb:5:in `send_action'
  actionpack (4.0.2) lib/abstract_controller/base.rb:189:in `process_action'
  actionpack (4.0.2) lib/action_controller/metal/rendering.rb:10:in `process_action'
  actionpack (4.0.2) lib/abstract_controller/callbacks.rb:18:in `block in process_action'
  activesupport (4.0.2) lib/active_support/callbacks.rb:403:in `_run__1083388463681572375__process_action__callbacks'
  activesupport (4.0.2) lib/active_support/callbacks.rb:80:in `run_callbacks'
  actionpack (4.0.2) lib/abstract_controller/callbacks.rb:17:in `process_action'
  actionpack (4.0.2) lib/action_controller/metal/rescue.rb:29:in `process_action'
  actionpack (4.0.2) lib/action_controller/metal/instrumentation.rb:31:in `block in process_action'
  activesupport (4.0.2) lib/active_support/notifications.rb:159:in `block in instrument'
  activesupport (4.0.2) lib/active_support/notifications/instrumenter.rb:20:in `instrument'
  activesupport (4.0.2) lib/active_support/notifications.rb:159:in `instrument'
  actionpack (4.0.2) lib/action_controller/metal/instrumentation.rb:30:in `process_action'
  actionpack (4.0.2) lib/action_controller/metal/params_wrapper.rb:245:in `process_action'
  activerecord (4.0.2) lib/active_record/railties/controller_runtime.rb:18:in `process_action'
  actionpack (4.0.2) lib/abstract_controller/base.rb:136:in `process'
  actionpack (4.0.2) lib/abstract_controller/rendering.rb:44:in `process'
  actionpack (4.0.2) lib/action_controller/metal.rb:195:in `dispatch'
  actionpack (4.0.2) lib/action_controller/metal/rack_delegation.rb:13:in `dispatch'
  actionpack (4.0.2) lib/action_controller/metal.rb:231:in `block in action'
  actionpack (4.0.2) lib/action_dispatch/routing/route_set.rb:80:in `call'
  actionpack (4.0.2) lib/action_dispatch/routing/route_set.rb:80:in `dispatch'
  actionpack (4.0.2) lib/action_dispatch/routing/route_set.rb:48:in `call'
  actionpack (4.0.2) lib/action_dispatch/journey/router.rb:71:in `block in call'
  actionpack (4.0.2) lib/action_dispatch/journey/router.rb:59:in `each'
  actionpack (4.0.2) lib/action_dispatch/journey/router.rb:59:in `call'
  actionpack (4.0.2) lib/action_dispatch/routing/route_set.rb:680:in `call'
  omniauth (1.2.2) lib/omniauth/strategy.rb:186:in `call!'
  omniauth (1.2.2) lib/omniauth/strategy.rb:164:in `call'
  omniauth (1.2.2) lib/omniauth/builder.rb:59:in `call'
  rack (1.5.2) lib/rack/etag.rb:23:in `call'
  rack (1.5.2) lib/rack/conditionalget.rb:25:in `call'
  rack (1.5.2) lib/rack/head.rb:11:in `call'
  actionpack (4.0.2) lib/action_dispatch/middleware/params_parser.rb:27:in `call'
  actionpack (4.0.2) lib/action_dispatch/middleware/flash.rb:241:in `call'
  rack (1.5.2) lib/rack/session/abstract/id.rb:225:in `context'
  rack (1.5.2) lib/rack/session/abstract/id.rb:220:in `call'
  actionpack (4.0.2) lib/action_dispatch/middleware/cookies.rb:486:in `call'
  activerecord (4.0.2) lib/active_record/query_cache.rb:36:in `call'
  activerecord (4.0.2) lib/active_record/connection_adapters/abstract/connection_pool.rb:626:in `call'
  actionpack (4.0.2) lib/action_dispatch/middleware/callbacks.rb:29:in `block in call'
  activesupport (4.0.2) lib/active_support/callbacks.rb:373:in `_run__3933351129522215823__call__callbacks'
  activesupport (4.0.2) lib/active_support/callbacks.rb:80:in `run_callbacks'
  actionpack (4.0.2) lib/action_dispatch/middleware/callbacks.rb:27:in `call'
  actionpack (4.0.2) lib/action_dispatch/middleware/remote_ip.rb:76:in `call'
  actionpack (4.0.2) lib/action_dispatch/middleware/debug_exceptions.rb:17:in `call'
  actionpack (4.0.2) lib/action_dispatch/middleware/show_exceptions.rb:30:in `call'
  railties (4.0.2) lib/rails/rack/logger.rb:38:in `call_app'
  railties (4.0.2) lib/rails/rack/logger.rb:20:in `block in call'
  activesupport (4.0.2) lib/active_support/tagged_logging.rb:67:in `block in tagged'
  activesupport (4.0.2) lib/active_support/tagged_logging.rb:25:in `tagged'
  activesupport (4.0.2) lib/active_support/tagged_logging.rb:67:in `tagged'
  railties (4.0.2) lib/rails/rack/logger.rb:20:in `call'
  actionpack (4.0.2) lib/action_dispatch/middleware/request_id.rb:21:in `call'
  rack (1.5.2) lib/rack/methodoverride.rb:21:in `call'
  rack (1.5.2) lib/rack/runtime.rb:17:in `call'
  activesupport (4.0.2) lib/active_support/cache/strategy/local_cache.rb:83:in `call'
  rack (1.5.2) lib/rack/sendfile.rb:112:in `call'
  railties (4.0.2) lib/rails/engine.rb:511:in `call'
  railties (4.0.2) lib/rails/application.rb:97:in `call'
  unicorn (4.7.0) lib/unicorn/http_server.rb:580:in `process_client'
  unicorn (4.7.0) lib/unicorn/http_server.rb:660:in `worker_loop'
  unicorn (4.7.0) lib/unicorn/http_server.rb:527:in `spawn_missing_workers'
  unicorn (4.7.0) lib/unicorn/http_server.rb:153:in `start'
  unicorn (4.7.0) bin/unicorn:126:in `<top (required)>'
  /usr/local/rvm/gems/ruby-2.0.0-p353/bin/unicorn:23:in `load'
  /usr/local/rvm/gems/ruby-2.0.0-p353/bin/unicorn:23:in `<main>'
  /usr/local/rvm/gems/ruby-2.0.0-p353/bin/ruby_executable_hooks:15:in `eval'
  /usr/local/rvm/gems/ruby-2.0.0-p353/bin/ruby_executable_hooks:15:in `<main>'


I, [2014-07-14T03:05:49.972076 #7338]  INFO -- : Started GET "/" for 190.53.48.241 at 2014-07-14 03:05:49 +0000
I, [2014-07-14T03:05:49.989394 #7338]  INFO -- : Processing by HomeController#index as HTML
I, [2014-07-14T03:05:50.014310 #7338]  INFO -- :   Rendered home/index.html.erb within layouts/application (2.6ms)
I, [2014-07-14T03:05:50.014727 #7338]  INFO -- : Completed 500 Internal Server Error in 25ms
F, [2014-07-14T03:05:50.022362 #7338] FATAL -- : 
ActionView::Template::Error (/home/rails/app/views/home/index.html.erb:26: syntax error, unexpected tIDENTIFIER, expecting ')'
...ame.where(:user_id=current_user.id, :game_id=>g.id) 
...                               ^
/home/rails/app/views/home/index.html.erb:26: syntax error, unexpected =>, expecting :: or '[' or '.'
..._id=current_user.id, :game_id=>g.id) 
...                               ^
/home/rails/app/views/home/index.html.erb:26: syntax error, unexpected ')', expecting keyword_end
...urrent_user.id, :game_id=>g.id) 
...                               ^):
    23:       <%= g.name %>
    24:       <%= userIsPlayingGame(current_user.id,g.id) %>
    25: 
    26:       <% upg = UserPlayingGame.where(:user_id=current_user.id, :game_id=>g.id) %>
    27:       <% if upg==nil %>
    28:         <% upg = UserPlayingGame.new %>
    29:       <% end %>
  actionpack (4.0.2) lib/action_view/template.rb:299:in `module_eval'
  actionpack (4.0.2) lib/action_view/template.rb:299:in `compile'
  actionpack (4.0.2) lib/action_view/template.rb:248:in `block in compile!'
  actionpack (4.0.2) lib/action_view/template.rb:236:in `synchronize'
  actionpack (4.0.2) lib/action_view/template.rb:236:in `compile!'
  actionpack (4.0.2) lib/action_view/template.rb:142:in `block in render'
  activesupport (4.0.2) lib/active_support/notifications.rb:161:in `instrument'
  actionpack (4.0.2) lib/action_view/template.rb:141:in `render'
  actionpack (4.0.2) lib/action_view/renderer/template_renderer.rb:49:in `block (2 levels) in render_template'
  actionpack (4.0.2) lib/action_view/renderer/abstract_renderer.rb:38:in `block in instrument'
  activesupport (4.0.2) lib/active_support/notifications.rb:159:in `block in instrument'
  activesupport (4.0.2) lib/active_support/notifications/instrumenter.rb:20:in `instrument'
  activesupport (4.0.2) lib/active_support/notifications.rb:159:in `instrument'
  actionpack (4.0.2) lib/action_view/renderer/abstract_renderer.rb:38:in `instrument'
  actionpack (4.0.2) lib/action_view/renderer/template_renderer.rb:48:in `block in render_template'
  actionpack (4.0.2) lib/action_view/renderer/template_renderer.rb:56:in `render_with_layout'
  actionpack (4.0.2) lib/action_view/renderer/template_renderer.rb:47:in `render_template'
  actionpack (4.0.2) lib/action_view/renderer/template_renderer.rb:17:in `render'
  actionpack (4.0.2) lib/action_view/renderer/renderer.rb:42:in `render_template'
  actionpack (4.0.2) lib/action_view/renderer/renderer.rb:23:in `render'
  actionpack (4.0.2) lib/abstract_controller/rendering.rb:127:in `_render_template'
  actionpack (4.0.2) lib/action_controller/metal/streaming.rb:219:in `_render_template'
  actionpack (4.0.2) lib/abstract_controller/rendering.rb:120:in `render_to_body'
  actionpack (4.0.2) lib/action_controller/metal/rendering.rb:33:in `render_to_body'
  actionpack (4.0.2) lib/action_controller/metal/renderers.rb:26:in `render_to_body'
  actionpack (4.0.2) lib/abstract_controller/rendering.rb:97:in `render'
  actionpack (4.0.2) lib/action_controller/metal/rendering.rb:16:in `render'
  actionpack (4.0.2) lib/action_controller/metal/instrumentation.rb:41:in `block (2 levels) in render'
  activesupport (4.0.2) lib/active_support/core_ext/benchmark.rb:12:in `block in ms'
  /usr/local/rvm/rubies/ruby-2.0.0-p353/lib/ruby/2.0.0/benchmark.rb:296:in `realtime'
  activesupport (4.0.2) lib/active_support/core_ext/benchmark.rb:12:in `ms'
  actionpack (4.0.2) lib/action_controller/metal/instrumentation.rb:41:in `block in render'
  actionpack (4.0.2) lib/action_controller/metal/instrumentation.rb:84:in `cleanup_view_runtime'
  activerecord (4.0.2) lib/active_record/railties/controller_runtime.rb:25:in `cleanup_view_runtime'
  actionpack (4.0.2) lib/action_controller/metal/instrumentation.rb:40:in `render'
  actionpack (4.0.2) lib/action_controller/metal/implicit_render.rb:10:in `default_render'
  actionpack (4.0.2) lib/action_controller/metal/implicit_render.rb:5:in `send_action'
  actionpack (4.0.2) lib/abstract_controller/base.rb:189:in `process_action'
  actionpack (4.0.2) lib/action_controller/metal/rendering.rb:10:in `process_action'
  actionpack (4.0.2) lib/abstract_controller/callbacks.rb:18:in `block in process_action'
  activesupport (4.0.2) lib/active_support/callbacks.rb:403:in `_run__1083388463681572375__process_action__callbacks'
  activesupport (4.0.2) lib/active_support/callbacks.rb:80:in `run_callbacks'
  actionpack (4.0.2) lib/abstract_controller/callbacks.rb:17:in `process_action'
  actionpack (4.0.2) lib/action_controller/metal/rescue.rb:29:in `process_action'
  actionpack (4.0.2) lib/action_controller/metal/instrumentation.rb:31:in `block in process_action'
  activesupport (4.0.2) lib/active_support/notifications.rb:159:in `block in instrument'
  activesupport (4.0.2) lib/active_support/notifications/instrumenter.rb:20:in `instrument'
  activesupport (4.0.2) lib/active_support/notifications.rb:159:in `instrument'
  actionpack (4.0.2) lib/action_controller/metal/instrumentation.rb:30:in `process_action'
  actionpack (4.0.2) lib/action_controller/metal/params_wrapper.rb:245:in `process_action'
  activerecord (4.0.2) lib/active_record/railties/controller_runtime.rb:18:in `process_action'
  actionpack (4.0.2) lib/abstract_controller/base.rb:136:in `process'
  actionpack (4.0.2) lib/abstract_controller/rendering.rb:44:in `process'
  actionpack (4.0.2) lib/action_controller/metal.rb:195:in `dispatch'
  actionpack (4.0.2) lib/action_controller/metal/rack_delegation.rb:13:in `dispatch'
  actionpack (4.0.2) lib/action_controller/metal.rb:231:in `block in action'
  actionpack (4.0.2) lib/action_dispatch/routing/route_set.rb:80:in `call'
  actionpack (4.0.2) lib/action_dispatch/routing/route_set.rb:80:in `dispatch'
  actionpack (4.0.2) lib/action_dispatch/routing/route_set.rb:48:in `call'
  actionpack (4.0.2) lib/action_dispatch/journey/router.rb:71:in `block in call'
  actionpack (4.0.2) lib/action_dispatch/journey/router.rb:59:in `each'
  actionpack (4.0.2) lib/action_dispatch/journey/router.rb:59:in `call'
  actionpack (4.0.2) lib/action_dispatch/routing/route_set.rb:680:in `call'
  omniauth (1.2.2) lib/omniauth/strategy.rb:186:in `call!'
  omniauth (1.2.2) lib/omniauth/strategy.rb:164:in `call'
  omniauth (1.2.2) lib/omniauth/builder.rb:59:in `call'
  rack (1.5.2) lib/rack/etag.rb:23:in `call'
  rack (1.5.2) lib/rack/conditionalget.rb:25:in `call'
  rack (1.5.2) lib/rack/head.rb:11:in `call'
  actionpack (4.0.2) lib/action_dispatch/middleware/params_parser.rb:27:in `call'
  actionpack (4.0.2) lib/action_dispatch/middleware/flash.rb:241:in `call'
  rack (1.5.2) lib/rack/session/abstract/id.rb:225:in `context'
  rack (1.5.2) lib/rack/session/abstract/id.rb:220:in `call'
  actionpack (4.0.2) lib/action_dispatch/middleware/cookies.rb:486:in `call'
  activerecord (4.0.2) lib/active_record/query_cache.rb:36:in `call'
  activerecord (4.0.2) lib/active_record/connection_adapters/abstract/connection_pool.rb:626:in `call'
  actionpack (4.0.2) lib/action_dispatch/middleware/callbacks.rb:29:in `block in call'
  activesupport (4.0.2) lib/active_support/callbacks.rb:373:in `_run__3933351129522215823__call__callbacks'
  activesupport (4.0.2) lib/active_support/callbacks.rb:80:in `run_callbacks'
  actionpack (4.0.2) lib/action_dispatch/middleware/callbacks.rb:27:in `call'
  actionpack (4.0.2) lib/action_dispatch/middleware/remote_ip.rb:76:in `call'
  actionpack (4.0.2) lib/action_dispatch/middleware/debug_exceptions.rb:17:in `call'
  actionpack (4.0.2) lib/action_dispatch/middleware/show_exceptions.rb:30:in `call'
  railties (4.0.2) lib/rails/rack/logger.rb:38:in `call_app'
  railties (4.0.2) lib/rails/rack/logger.rb:20:in `block in call'
  activesupport (4.0.2) lib/active_support/tagged_logging.rb:67:in `block in tagged'
  activesupport (4.0.2) lib/active_support/tagged_logging.rb:25:in `tagged'
  activesupport (4.0.2) lib/active_support/tagged_logging.rb:67:in `tagged'
  railties (4.0.2) lib/rails/rack/logger.rb:20:in `call'
  actionpack (4.0.2) lib/action_dispatch/middleware/request_id.rb:21:in `call'
  rack (1.5.2) lib/rack/methodoverride.rb:21:in `call'
  rack (1.5.2) lib/rack/runtime.rb:17:in `call'
  activesupport (4.0.2) lib/active_support/cache/strategy/local_cache.rb:83:in `call'
  rack (1.5.2) lib/rack/sendfile.rb:112:in `call'
  railties (4.0.2) lib/rails/engine.rb:511:in `call'
  railties (4.0.2) lib/rails/application.rb:97:in `call'
  unicorn (4.7.0) lib/unicorn/http_server.rb:580:in `process_client'
  unicorn (4.7.0) lib/unicorn/http_server.rb:660:in `worker_loop'
  unicorn (4.7.0) lib/unicorn/http_server.rb:527:in `spawn_missing_workers'
  unicorn (4.7.0) lib/unicorn/http_server.rb:153:in `start'
  unicorn (4.7.0) bin/unicorn:126:in `<top (required)>'
  /usr/local/rvm/gems/ruby-2.0.0-p353/bin/unicorn:23:in `load'
  /usr/local/rvm/gems/ruby-2.0.0-p353/bin/unicorn:23:in `<main>'
  /usr/local/rvm/gems/ruby-2.0.0-p353/bin/ruby_executable_hooks:15:in `eval'
  /usr/local/rvm/gems/ruby-2.0.0-p353/bin/ruby_executable_hooks:15:in `<main>'


I, [2014-07-14T03:06:39.868761 #7369]  INFO -- : Started GET "/" for 190.53.48.241 at 2014-07-14 03:06:39 +0000
I, [2014-07-14T03:06:39.878266 #7369]  INFO -- : Processing by HomeController#index as HTML
I, [2014-07-14T03:06:39.924607 #7369]  INFO -- :   Rendered home/index.html.erb within layouts/application (35.2ms)
I, [2014-07-14T03:06:39.928060 #7369]  INFO -- : Completed 200 OK in 50ms (Views: 35.6ms | ActiveRecord: 4.9ms)
I, [2014-07-14T03:06:40.848684 #7367]  INFO -- : Started GET "/assets/bunker_ac_logo.png" for 190.53.48.241 at 2014-07-14 03:06:40 +0000
I, [2014-07-14T03:06:44.884305 #7369]  INFO -- : Started POST "/user_playing_games" for 190.53.48.241 at 2014-07-14 03:06:44 +0000
I, [2014-07-14T03:06:44.887280 #7369]  INFO -- : Processing by UserPlayingGamesController#create as HTML
I, [2014-07-14T03:06:44.887380 #7369]  INFO -- :   Parameters: {"utf8"=>"", "authenticity_token"=>"BWJifNEnnLPolJuw9/EE/NczCryDqbOQRMNhG7FNHio=", "user_playing_game"=>{"user_id"=>"1", "game_id"=>"1", "is_playing"=>"true"}, "commit"=>"estoy jugando"}
I, [2014-07-14T03:06:44.897931 #7369]  INFO -- : Redirected to http://5.101.107.55/user_playing_games/2
I, [2014-07-14T03:06:44.898162 #7369]  INFO -- : Completed 302 Found in 11ms (ActiveRecord: 5.6ms)
I, [2014-07-14T03:06:45.062080 #7367]  INFO -- : Started GET "/user_playing_games/2" for 190.53.48.241 at 2014-07-14 03:06:45 +0000
I, [2014-07-14T03:06:45.065447 #7367]  INFO -- : Processing by UserPlayingGamesController#show as HTML
I, [2014-07-14T03:06:45.065532 #7367]  INFO -- :   Parameters: {"id"=>"2"}
I, [2014-07-14T03:06:45.088146 #7367]  INFO -- :   Rendered user_playing_games/show.html.erb within layouts/application (1.4ms)
I, [2014-07-14T03:06:45.102028 #7367]  INFO -- : Completed 200 OK in 36ms (Views: 14.3ms | ActiveRecord: 3.8ms)
I, [2014-07-14T03:06:45.366387 #7369]  INFO -- : Started GET "/assets/bunker_ac_logo.png" for 190.53.48.241 at 2014-07-14 03:06:45 +0000
I, [2014-07-14T03:06:55.881207 #7367]  INFO -- : Started GET "/user_playing_games" for 190.53.48.241 at 2014-07-14 03:06:55 +0000
I, [2014-07-14T03:06:55.885373 #7367]  INFO -- : Processing by UserPlayingGamesController#index as HTML
I, [2014-07-14T03:06:55.893447 #7367]  INFO -- :   Rendered user_playing_games/index.html.erb within layouts/application (5.2ms)
I, [2014-07-14T03:06:55.895282 #7367]  INFO -- : Completed 200 OK in 10ms (Views: 7.9ms | ActiveRecord: 0.5ms)
I, [2014-07-14T03:06:56.401087 #7369]  INFO -- : Started GET "/assets/bunker_ac_logo.png" for 190.53.48.241 at 2014-07-14 03:06:56 +0000
I, [2014-07-14T03:07:00.497830 #7369]  INFO -- : Started GET "/user_playing_games" for 190.53.48.241 at 2014-07-14 03:07:00 +0000
I, [2014-07-14T03:07:00.500508 #7369]  INFO -- : Processing by UserPlayingGamesController#index as HTML
I, [2014-07-14T03:07:00.505938 #7369]  INFO -- :   Rendered user_playing_games/index.html.erb within layouts/application (3.1ms)
I, [2014-07-14T03:07:00.507692 #7369]  INFO -- : Completed 200 OK in 7ms (Views: 5.7ms | ActiveRecord: 0.4ms)
I, [2014-07-14T03:07:00.711038 #7367]  INFO -- : Started GET "/assets/bunker_ac_logo.png" for 190.53.48.241 at 2014-07-14 03:07:00 +0000
I, [2014-07-14T03:07:02.404905 #7367]  INFO -- : Started GET "/" for 190.53.48.241 at 2014-07-14 03:07:02 +0000
I, [2014-07-14T03:07:02.409843 #7367]  INFO -- : Processing by HomeController#index as HTML
I, [2014-07-14T03:07:02.439548 #7367]  INFO -- :   Rendered home/index.html.erb within layouts/application (24.5ms)
I, [2014-07-14T03:07:02.441826 #7367]  INFO -- : Completed 200 OK in 32ms (Views: 27.2ms | ActiveRecord: 2.1ms)
I, [2014-07-14T03:07:02.656238 #7369]  INFO -- : Started GET "/assets/bunker_ac_logo.png" for 190.53.48.241 at 2014-07-14 03:07:02 +0000
I, [2014-07-14T03:07:04.149840 #7367]  INFO -- : Started POST "/user_playing_games" for 190.53.48.241 at 2014-07-14 03:07:04 +0000
I, [2014-07-14T03:07:04.152350 #7367]  INFO -- : Processing by UserPlayingGamesController#create as HTML
I, [2014-07-14T03:07:04.152498 #7367]  INFO -- :   Parameters: {"utf8"=>"", "authenticity_token"=>"BWJifNEnnLPolJuw9/EE/NczCryDqbOQRMNhG7FNHio=", "user_playing_game"=>{"user_id"=>"1", "game_id"=>"1", "is_playing"=>"true"}, "commit"=>"estoy jugando"}
I, [2014-07-14T03:07:04.165676 #7367]  INFO -- : Redirected to http://5.101.107.55/user_playing_games/3
I, [2014-07-14T03:07:04.166029 #7367]  INFO -- : Completed 302 Found in 13ms (ActiveRecord: 8.0ms)
I, [2014-07-14T03:07:04.819653 #7369]  INFO -- : Started GET "/user_playing_games/3" for 190.53.48.241 at 2014-07-14 03:07:04 +0000
I, [2014-07-14T03:07:04.821967 #7369]  INFO -- : Processing by UserPlayingGamesController#show as HTML
I, [2014-07-14T03:07:04.822040 #7369]  INFO -- :   Parameters: {"id"=>"3"}
I, [2014-07-14T03:07:04.826362 #7369]  INFO -- :   Rendered user_playing_games/show.html.erb within layouts/application (1.2ms)
I, [2014-07-14T03:07:04.828625 #7369]  INFO -- : Completed 200 OK in 6ms (Views: 4.2ms | ActiveRecord: 0.5ms)
I, [2014-07-14T03:07:05.039310 #7367]  INFO -- : Started GET "/assets/bunker_ac_logo.png" for 190.53.48.241 at 2014-07-14 03:07:05 +0000
I, [2014-07-14T03:07:07.018357 #7367]  INFO -- : Started GET "/user_playing_games" for 190.53.48.241 at 2014-07-14 03:07:07 +0000
I, [2014-07-14T03:07:07.020015 #7367]  INFO -- : Processing by UserPlayingGamesController#index as HTML
I, [2014-07-14T03:07:07.023874 #7367]  INFO -- :   Rendered user_playing_games/index.html.erb within layouts/application (2.3ms)
I, [2014-07-14T03:07:07.025531 #7367]  INFO -- : Completed 200 OK in 5ms (Views: 3.8ms | ActiveRecord: 0.5ms)
I, [2014-07-14T03:07:07.619987 #7369]  INFO -- : Started GET "/assets/bunker_ac_logo.png" for 190.53.48.241 at 2014-07-14 03:07:07 +0000
I, [2014-07-14T03:07:08.654640 #7369]  INFO -- : Started GET "/user_playing_games" for 190.53.48.241 at 2014-07-14 03:07:08 +0000
I, [2014-07-14T03:07:08.657302 #7369]  INFO -- : Processing by UserPlayingGamesController#index as HTML
I, [2014-07-14T03:07:08.662700 #7369]  INFO -- :   Rendered user_playing_games/index.html.erb within layouts/application (3.4ms)
I, [2014-07-14T03:07:08.665046 #7369]  INFO -- : Completed 200 OK in 8ms (Views: 5.6ms | ActiveRecord: 0.7ms)
I, [2014-07-14T03:07:08.850733 #7367]  INFO -- : Started GET "/assets/bunker_ac_logo.png" for 190.53.48.241 at 2014-07-14 03:07:08 +0000
I, [2014-07-14T03:26:15.889113 #7412]  INFO -- : Started DELETE "/user_playing_games/2" for 190.53.48.241 at 2014-07-14 03:26:15 +0000
I, [2014-07-14T03:26:15.906050 #7412]  INFO -- : Processing by UserPlayingGamesController#destroy as HTML
I, [2014-07-14T03:26:15.906142 #7412]  INFO -- :   Parameters: {"authenticity_token"=>"BWJifNEnnLPolJuw9/EE/NczCryDqbOQRMNhG7FNHio=", "id"=>"2"}
I, [2014-07-14T03:26:15.934741 #7412]  INFO -- : Redirected to http://5.101.107.55/user_playing_games
I, [2014-07-14T03:26:15.935041 #7412]  INFO -- : Completed 302 Found in 29ms (ActiveRecord: 8.9ms)
I, [2014-07-14T03:26:16.606835 #7409]  INFO -- : Started GET "/user_playing_games" for 190.53.48.241 at 2014-07-14 03:26:16 +0000
I, [2014-07-14T03:26:16.616791 #7409]  INFO -- : Processing by UserPlayingGamesController#index as HTML
I, [2014-07-14T03:26:16.639776 #7409]  INFO -- :   Rendered user_playing_games/index.html.erb within layouts/application (11.5ms)
I, [2014-07-14T03:26:16.655301 #7409]  INFO -- : Completed 200 OK in 38ms (Views: 24.8ms | ActiveRecord: 3.8ms)
I, [2014-07-14T03:26:16.958506 #7412]  INFO -- : Started GET "/assets/bunker_ac_logo.png" for 190.53.48.241 at 2014-07-14 03:26:16 +0000
I, [2014-07-14T03:26:19.004358 #7409]  INFO -- : Started DELETE "/user_playing_games/3" for 190.53.48.241 at 2014-07-14 03:26:19 +0000
I, [2014-07-14T03:26:19.007505 #7409]  INFO -- : Processing by UserPlayingGamesController#destroy as HTML
I, [2014-07-14T03:26:19.007586 #7409]  INFO -- :   Parameters: {"authenticity_token"=>"BWJifNEnnLPolJuw9/EE/NczCryDqbOQRMNhG7FNHio=", "id"=>"3"}
I, [2014-07-14T03:26:19.018179 #7409]  INFO -- : Redirected to http://5.101.107.55/user_playing_games
I, [2014-07-14T03:26:19.018445 #7409]  INFO -- : Completed 302 Found in 11ms (ActiveRecord: 7.1ms)
I, [2014-07-14T03:26:19.565167 #7412]  INFO -- : Started GET "/user_playing_games" for 190.53.48.241 at 2014-07-14 03:26:19 +0000
I, [2014-07-14T03:26:19.568169 #7412]  INFO -- : Processing by UserPlayingGamesController#index as HTML
I, [2014-07-14T03:26:19.573184 #7412]  INFO -- :   Rendered user_playing_games/index.html.erb within layouts/application (2.2ms)
I, [2014-07-14T03:26:19.585942 #7412]  INFO -- : Completed 200 OK in 18ms (Views: 15.5ms | ActiveRecord: 1.0ms)
I, [2014-07-14T03:26:19.810646 #7409]  INFO -- : Started GET "/assets/bunker_ac_logo.png" for 190.53.48.241 at 2014-07-14 03:26:19 +0000
I, [2014-07-14T03:26:26.137083 #7412]  INFO -- : Started GET "/" for 190.53.48.241 at 2014-07-14 03:26:26 +0000
I, [2014-07-14T03:26:26.139731 #7412]  INFO -- : Processing by HomeController#index as HTML
I, [2014-07-14T03:26:26.159565 #7412]  INFO -- :   Rendered home/index.html.erb within layouts/application (17.3ms)
I, [2014-07-14T03:26:26.159770 #7412]  INFO -- : Completed 500 Internal Server Error in 20ms
F, [2014-07-14T03:26:26.161784 #7412] FATAL -- : 
ActionView::Template::Error (undefined local variable or method `user_playing_game' for #<#<Class:0x00000003b74960>:0x00000003b7fce8>):
    28:         <% upg = UserPlayingGame.new %>
    29:         <% upg.is_playing = true %>
    30:       <% end %>
    31:         <%= form_for(user_playing_game) do |f| %>
    32:           <%= hidden_field_tag "user_playing_game[user_id]", current_user.id %>
    33:           <%= hidden_field_tag "user_playing_game[game_id]", g.id %>
    34:           <%= hidden_field_tag "user_playing_game[is_playing]", !upg.is_playing %>
  app/views/home/index.html.erb:31:in `block in _app_views_home_index_html_erb___880617863808884140_31192240'
  app/views/home/index.html.erb:22:in `_app_views_home_index_html_erb___880617863808884140_31192240'


I, [2014-07-14T03:27:47.843075 #7448]  INFO -- : Started GET "/" for 190.53.48.241 at 2014-07-14 03:27:47 +0000
I, [2014-07-14T03:27:47.852001 #7448]  INFO -- : Processing by HomeController#index as HTML
I, [2014-07-14T03:27:47.888237 #7448]  INFO -- :   Rendered home/index.html.erb within layouts/application (25.8ms)
I, [2014-07-14T03:27:47.888551 #7448]  INFO -- : Completed 500 Internal Server Error in 36ms
F, [2014-07-14T03:27:47.890731 #7448] FATAL -- : 
ActionView::Template::Error (undefined method `model_name' for ActiveRecord::Relation::ActiveRecord_Relation_UserPlayingGame:Class):
    28:         <% upg = UserPlayingGame.new %>
    29:         <% upg.is_playing = true %>
    30:       <% end %>
    31:         <%= form_for(upg) do |f| %>
    32:           <%= hidden_field_tag "user_playing_game[user_id]", current_user.id %>
    33:           <%= hidden_field_tag "user_playing_game[game_id]", g.id %>
    34:           <%= hidden_field_tag "user_playing_game[is_playing]", !upg.is_playing %>
  app/views/home/index.html.erb:31:in `block in _app_views_home_index_html_erb__2847611294690481551_32970700'
  app/views/home/index.html.erb:22:in `_app_views_home_index_html_erb__2847611294690481551_32970700'


I, [2014-07-14T03:29:00.013144 #7482]  INFO -- : Started GET "/" for 190.53.48.241 at 2014-07-14 03:29:00 +0000
I, [2014-07-14T03:29:00.022844 #7482]  INFO -- : Processing by HomeController#index as HTML
I, [2014-07-14T03:29:00.065401 #7482]  INFO -- :   Rendered home/index.html.erb within layouts/application (32.4ms)
I, [2014-07-14T03:29:00.067335 #7482]  INFO -- : Completed 200 OK in 44ms (Views: 31.8ms | ActiveRecord: 4.1ms)
I, [2014-07-14T03:29:00.472531 #7480]  INFO -- : Started GET "/assets/bunker_ac_logo.png" for 190.53.48.241 at 2014-07-14 03:29:00 +0000
I, [2014-07-14T03:29:04.539907 #7482]  INFO -- : Started POST "/user_playing_games" for 190.53.48.241 at 2014-07-14 03:29:04 +0000
I, [2014-07-14T03:29:04.545721 #7482]  INFO -- : Processing by UserPlayingGamesController#create as HTML
I, [2014-07-14T03:29:04.545971 #7482]  INFO -- :   Parameters: {"utf8"=>"", "authenticity_token"=>"BWJifNEnnLPolJuw9/EE/NczCryDqbOQRMNhG7FNHio=", "user_playing_game"=>{"user_id"=>"1", "game_id"=>"1", "is_playing"=>"false"}, "commit"=>"estoy jugando"}
I, [2014-07-14T03:29:04.572970 #7482]  INFO -- : Redirected to http://5.101.107.55/user_playing_games/4
I, [2014-07-14T03:29:04.573521 #7482]  INFO -- : Completed 302 Found in 27ms (ActiveRecord: 16.3ms)
I, [2014-07-14T03:29:04.762937 #7480]  INFO -- : Started GET "/user_playing_games/4" for 190.53.48.241 at 2014-07-14 03:29:04 +0000
I, [2014-07-14T03:29:04.769027 #7480]  INFO -- : Processing by UserPlayingGamesController#show as HTML
I, [2014-07-14T03:29:04.769207 #7480]  INFO -- :   Parameters: {"id"=>"4"}
I, [2014-07-14T03:29:04.816830 #7480]  INFO -- :   Rendered user_playing_games/show.html.erb within layouts/application (2.6ms)
I, [2014-07-14T03:29:04.846228 #7480]  INFO -- : Completed 200 OK in 77ms (Views: 30.2ms | ActiveRecord: 7.8ms)
I, [2014-07-14T03:29:05.067431 #7482]  INFO -- : Started GET "/assets/bunker_ac_logo.png" for 190.53.48.241 at 2014-07-14 03:29:05 +0000
I, [2014-07-14T03:29:10.410619 #7480]  INFO -- : Started GET "/user_playing_games" for 190.53.48.241 at 2014-07-14 03:29:10 +0000
I, [2014-07-14T03:29:10.413367 #7480]  INFO -- : Processing by UserPlayingGamesController#index as HTML
I, [2014-07-14T03:29:10.418320 #7480]  INFO -- :   Rendered user_playing_games/index.html.erb within layouts/application (3.1ms)
I, [2014-07-14T03:29:10.419969 #7480]  INFO -- : Completed 200 OK in 6ms (Views: 5.2ms | ActiveRecord: 0.5ms)
I, [2014-07-14T03:29:10.640029 #7482]  INFO -- : Started GET "/assets/bunker_ac_logo.png" for 190.53.48.241 at 2014-07-14 03:29:10 +0000
I, [2014-07-14T03:29:26.169810 #7482]  INFO -- : Started GET "/" for 190.53.48.241 at 2014-07-14 03:29:26 +0000
I, [2014-07-14T03:29:26.172453 #7482]  INFO -- : Processing by HomeController#index as HTML
I, [2014-07-14T03:29:26.179122 #7482]  INFO -- :   Rendered home/index.html.erb within layouts/application (5.1ms)
I, [2014-07-14T03:29:26.180160 #7482]  INFO -- : Completed 200 OK in 8ms (Views: 5.9ms | ActiveRecord: 0.6ms)
I, [2014-07-14T03:29:26.382969 #7480]  INFO -- : Started GET "/assets/bunker_ac_logo.png" for 190.53.48.241 at 2014-07-14 03:29:26 +0000
I, [2014-07-14T03:29:29.287693 #7480]  INFO -- : Started PATCH "/user_playing_games/4" for 190.53.48.241 at 2014-07-14 03:29:29 +0000
I, [2014-07-14T03:29:29.291309 #7480]  INFO -- : Processing by UserPlayingGamesController#update as HTML
I, [2014-07-14T03:29:29.291469 #7480]  INFO -- :   Parameters: {"utf8"=>"", "authenticity_token"=>"BWJifNEnnLPolJuw9/EE/NczCryDqbOQRMNhG7FNHio=", "user_playing_game"=>{"user_id"=>"1", "game_id"=>"1", "is_playing"=>"true"}, "commit"=>"estoy jugando", "id"=>"4"}
I, [2014-07-14T03:29:29.310133 #7480]  INFO -- : Redirected to http://5.101.107.55/user_playing_games/4
I, [2014-07-14T03:29:29.310685 #7480]  INFO -- : Completed 302 Found in 19ms (ActiveRecord: 8.7ms)
I, [2014-07-14T03:29:29.484323 #7482]  INFO -- : Started GET "/user_playing_games/4" for 190.53.48.241 at 2014-07-14 03:29:29 +0000
I, [2014-07-14T03:29:29.489680 #7482]  INFO -- : Processing by UserPlayingGamesController#show as HTML
I, [2014-07-14T03:29:29.489825 #7482]  INFO -- :   Parameters: {"id"=>"4"}
I, [2014-07-14T03:29:29.498696 #7482]  INFO -- :   Rendered user_playing_games/show.html.erb within layouts/application (2.5ms)
I, [2014-07-14T03:29:29.502617 #7482]  INFO -- : Completed 200 OK in 13ms (Views: 8.8ms | ActiveRecord: 1.0ms)
I, [2014-07-14T03:29:29.723656 #7480]  INFO -- : Started GET "/assets/bunker_ac_logo.png" for 190.53.48.241 at 2014-07-14 03:29:29 +0000
I, [2014-07-14T03:29:37.997199 #7482]  INFO -- : Started GET "/user_playing_games" for 190.53.48.241 at 2014-07-14 03:29:37 +0000
I, [2014-07-14T03:29:38.002254 #7482]  INFO -- : Processing by UserPlayingGamesController#index as HTML
I, [2014-07-14T03:29:38.014946 #7482]  INFO -- :   Rendered user_playing_games/index.html.erb within layouts/application (7.1ms)
I, [2014-07-14T03:29:38.018988 #7482]  INFO -- : Completed 200 OK in 16ms (Views: 13.5ms | ActiveRecord: 1.0ms)
I, [2014-07-14T03:29:38.234568 #7480]  INFO -- : Started GET "/assets/bunker_ac_logo.png" for 190.53.48.241 at 2014-07-14 03:29:38 +0000
I, [2014-07-14T03:32:14.376999 #7564]  INFO -- : Started DELETE "/user_playing_games/4" for 190.53.48.241 at 2014-07-14 03:32:14 +0000
I, [2014-07-14T03:32:14.396024 #7564]  INFO -- : Processing by UserPlayingGamesController#destroy as HTML
I, [2014-07-14T03:32:14.396247 #7564]  INFO -- :   Parameters: {"authenticity_token"=>"BWJifNEnnLPolJuw9/EE/NczCryDqbOQRMNhG7FNHio=", "id"=>"4"}
I, [2014-07-14T03:32:14.449372 #7564]  INFO -- : Redirected to http://5.101.107.55/user_playing_games
I, [2014-07-14T03:32:14.449721 #7564]  INFO -- : Completed 302 Found in 53ms (ActiveRecord: 13.5ms)
I, [2014-07-14T03:32:14.605788 #7567]  INFO -- : Started GET "/user_playing_games" for 190.53.48.241 at 2014-07-14 03:32:14 +0000
I, [2014-07-14T03:32:14.615549 #7567]  INFO -- : Processing by UserPlayingGamesController#index as HTML
I, [2014-07-14T03:32:14.628868 #7567]  INFO -- :   Rendered user_playing_games/index.html.erb within layouts/application (2.4ms)
I, [2014-07-14T03:32:14.644362 #7567]  INFO -- : Completed 200 OK in 29ms (Views: 16.3ms | ActiveRecord: 3.2ms)
I, [2014-07-14T03:32:14.920232 #7564]  INFO -- : Started GET "/assets/bunker_ac_logo.png" for 190.53.48.241 at 2014-07-14 03:32:14 +0000
I, [2014-07-14T03:32:23.085371 #7567]  INFO -- : Started GET "/" for 190.53.48.241 at 2014-07-14 03:32:23 +0000
I, [2014-07-14T03:32:23.091071 #7567]  INFO -- : Processing by HomeController#index as HTML
I, [2014-07-14T03:32:23.135571 #7567]  INFO -- :   Rendered home/index.html.erb within layouts/application (39.9ms)
I, [2014-07-14T03:32:23.137670 #7567]  INFO -- : Completed 200 OK in 46ms (Views: 41.1ms | ActiveRecord: 3.1ms)
I, [2014-07-14T03:32:23.543046 #7564]  INFO -- : Started GET "/assets/bunker_ac_logo.png" for 190.53.48.241 at 2014-07-14 03:32:23 +0000
I, [2014-07-14T03:32:25.489350 #7567]  INFO -- : Started POST "/user_playing_games" for 190.53.48.241 at 2014-07-14 03:32:25 +0000
I, [2014-07-14T03:32:25.493915 #7567]  INFO -- : Processing by UserPlayingGamesController#create as HTML
I, [2014-07-14T03:32:25.494076 #7567]  INFO -- :   Parameters: {"utf8"=>"", "authenticity_token"=>"BWJifNEnnLPolJuw9/EE/NczCryDqbOQRMNhG7FNHio=", "user_playing_game"=>{"user_id"=>"1", "game_id"=>"1", "is_playing"=>"true"}, "commit"=>"estoy jugando"}
I, [2014-07-14T03:32:25.511366 #7567]  INFO -- : Redirected to http://5.101.107.55/user_playing_games/5
I, [2014-07-14T03:32:25.511852 #7567]  INFO -- : Completed 302 Found in 18ms (ActiveRecord: 9.8ms)
I, [2014-07-14T03:32:26.061066 #7564]  INFO -- : Started GET "/user_playing_games/5" for 190.53.48.241 at 2014-07-14 03:32:26 +0000
I, [2014-07-14T03:32:26.065545 #7564]  INFO -- : Processing by UserPlayingGamesController#show as HTML
I, [2014-07-14T03:32:26.065678 #7564]  INFO -- :   Parameters: {"id"=>"5"}
I, [2014-07-14T03:32:26.074679 #7564]  INFO -- :   Rendered user_playing_games/show.html.erb within layouts/application (2.3ms)
I, [2014-07-14T03:32:26.096012 #7564]  INFO -- : Completed 200 OK in 30ms (Views: 25.2ms | ActiveRecord: 1.9ms)
I, [2014-07-14T03:32:26.670360 #7567]  INFO -- : Started GET "/assets/bunker_ac_logo.png" for 190.53.48.241 at 2014-07-14 03:32:26 +0000
I, [2014-07-14T03:32:30.385965 #7564]  INFO -- : Started GET "/user_playing_games" for 190.53.48.241 at 2014-07-14 03:32:30 +0000
I, [2014-07-14T03:32:30.389561 #7564]  INFO -- : Processing by UserPlayingGamesController#index as HTML
I, [2014-07-14T03:32:30.397552 #7564]  INFO -- :   Rendered user_playing_games/index.html.erb within layouts/application (5.0ms)
I, [2014-07-14T03:32:30.399533 #7564]  INFO -- : Completed 200 OK in 10ms (Views: 7.9ms | ActiveRecord: 0.5ms)
I, [2014-07-14T03:32:31.187820 #7567]  INFO -- : Started GET "/assets/bunker_ac_logo.png" for 190.53.48.241 at 2014-07-14 03:32:31 +0000
I, [2014-07-14T03:32:34.308355 #7567]  INFO -- : Started GET "/" for 190.53.48.241 at 2014-07-14 03:32:34 +0000
I, [2014-07-14T03:32:34.313041 #7567]  INFO -- : Processing by HomeController#index as HTML
I, [2014-07-14T03:32:34.325931 #7567]  INFO -- :   Rendered home/index.html.erb within layouts/application (10.4ms)
I, [2014-07-14T03:32:34.328074 #7567]  INFO -- : Completed 200 OK in 15ms (Views: 12.0ms | ActiveRecord: 1.2ms)
I, [2014-07-14T03:32:34.533967 #7564]  INFO -- : Started GET "/assets/bunker_ac_logo.png" for 190.53.48.241 at 2014-07-14 03:32:34 +0000
I, [2014-07-14T03:32:37.042524 #7567]  INFO -- : Started PATCH "/user_playing_games/5" for 190.53.48.241 at 2014-07-14 03:32:37 +0000
I, [2014-07-14T03:32:37.045898 #7567]  INFO -- : Processing by UserPlayingGamesController#update as HTML
I, [2014-07-14T03:32:37.045997 #7567]  INFO -- :   Parameters: {"utf8"=>"", "authenticity_token"=>"BWJifNEnnLPolJuw9/EE/NczCryDqbOQRMNhG7FNHio=", "user_playing_game"=>{"user_id"=>"1", "game_id"=>"1", "is_playing"=>"false"}, "commit"=>"estoy jugando", "id"=>"5"}
I, [2014-07-14T03:32:37.056544 #7567]  INFO -- : Redirected to http://5.101.107.55/user_playing_games/5
I, [2014-07-14T03:32:37.056836 #7567]  INFO -- : Completed 302 Found in 11ms (ActiveRecord: 5.0ms)
I, [2014-07-14T03:32:37.266457 #7564]  INFO -- : Started GET "/user_playing_games/5" for 190.53.48.241 at 2014-07-14 03:32:37 +0000
I, [2014-07-14T03:32:37.268605 #7564]  INFO -- : Processing by UserPlayingGamesController#show as HTML
I, [2014-07-14T03:32:37.268698 #7564]  INFO -- :   Parameters: {"id"=>"5"}
I, [2014-07-14T03:32:37.271599 #7564]  INFO -- :   Rendered user_playing_games/show.html.erb within layouts/application (0.5ms)
I, [2014-07-14T03:32:37.273005 #7564]  INFO -- : Completed 200 OK in 4ms (Views: 2.2ms | ActiveRecord: 0.3ms)
I, [2014-07-14T03:32:37.494760 #7567]  INFO -- : Started GET "/assets/bunker_ac_logo.png" for 190.53.48.241 at 2014-07-14 03:32:37 +0000
I, [2014-07-14T03:32:39.585698 #7567]  INFO -- : Started GET "/" for 190.53.48.241 at 2014-07-14 03:32:39 +0000
I, [2014-07-14T03:32:39.587841 #7567]  INFO -- : Processing by HomeController#index as HTML
I, [2014-07-14T03:32:39.593417 #7567]  INFO -- :   Rendered home/index.html.erb within layouts/application (4.2ms)
I, [2014-07-14T03:32:39.594307 #7567]  INFO -- : Completed 200 OK in 6ms (Views: 4.9ms | ActiveRecord: 0.6ms)
I, [2014-07-14T03:32:40.295088 #7564]  INFO -- : Started GET "/assets/bunker_ac_logo.png" for 190.53.48.241 at 2014-07-14 03:32:40 +0000
I, [2014-07-14T03:32:41.772311 #7564]  INFO -- : Started PATCH "/user_playing_games/5" for 190.53.48.241 at 2014-07-14 03:32:41 +0000
I, [2014-07-14T03:32:41.774245 #7564]  INFO -- : Processing by UserPlayingGamesController#update as HTML
I, [2014-07-14T03:32:41.774376 #7564]  INFO -- :   Parameters: {"utf8"=>"", "authenticity_token"=>"BWJifNEnnLPolJuw9/EE/NczCryDqbOQRMNhG7FNHio=", "user_playing_game"=>{"user_id"=>"1", "game_id"=>"1", "is_playing"=>"true"}, "commit"=>"estoy jugando", "id"=>"5"}
I, [2014-07-14T03:32:41.785644 #7564]  INFO -- : Redirected to http://5.101.107.55/user_playing_games/5
I, [2014-07-14T03:32:41.785904 #7564]  INFO -- : Completed 302 Found in 11ms (ActiveRecord: 5.1ms)
I, [2014-07-14T03:32:42.324777 #7567]  INFO -- : Started GET "/user_playing_games/5" for 190.53.48.241 at 2014-07-14 03:32:42 +0000
I, [2014-07-14T03:32:42.328474 #7567]  INFO -- : Processing by UserPlayingGamesController#show as HTML
I, [2014-07-14T03:32:42.328653 #7567]  INFO -- :   Parameters: {"id"=>"5"}
I, [2014-07-14T03:32:42.336143 #7567]  INFO -- :   Rendered user_playing_games/show.html.erb within layouts/application (2.7ms)
I, [2014-07-14T03:32:42.339917 #7567]  INFO -- : Completed 200 OK in 11ms (Views: 7.9ms | ActiveRecord: 0.7ms)
I, [2014-07-14T03:32:43.304291 #7564]  INFO -- : Started GET "/assets/bunker_ac_logo.png" for 190.53.48.241 at 2014-07-14 03:32:43 +0000
I, [2014-07-14T03:32:45.519859 #7567]  INFO -- : Started GET "/" for 190.53.48.241 at 2014-07-14 03:32:45 +0000
I, [2014-07-14T03:32:45.523368 #7567]  INFO -- : Processing by HomeController#index as HTML
I, [2014-07-14T03:32:45.533243 #7567]  INFO -- :   Rendered home/index.html.erb within layouts/application (7.4ms)
I, [2014-07-14T03:32:45.534895 #7567]  INFO -- : Completed 200 OK in 11ms (Views: 8.6ms | ActiveRecord: 1.1ms)
I, [2014-07-14T03:32:46.305590 #7564]  INFO -- : Started GET "/assets/bunker_ac_logo.png" for 190.53.48.241 at 2014-07-14 03:32:46 +0000
I, [2014-07-14T03:38:56.173708 #7613]  INFO -- : Started GET "/" for 190.53.48.241 at 2014-07-14 03:38:56 +0000
I, [2014-07-14T03:38:56.182981 #7613]  INFO -- : Processing by HomeController#index as HTML
I, [2014-07-14T03:38:56.227911 #7613]  INFO -- :   Rendered home/index.html.erb within layouts/application (34.4ms)
I, [2014-07-14T03:38:56.229978 #7613]  INFO -- : Completed 200 OK in 47ms (Views: 33.7ms | ActiveRecord: 4.4ms)
I, [2014-07-14T03:38:56.973269 #7615]  INFO -- : Started GET "/assets/bunker_ac_logo.png" for 190.53.48.241 at 2014-07-14 03:38:56 +0000
I, [2014-07-14T03:38:59.305294 #7613]  INFO -- : Started PATCH "/user_playing_games/5" for 190.53.48.241 at 2014-07-14 03:38:59 +0000
I, [2014-07-14T03:38:59.308077 #7613]  INFO -- : Processing by UserPlayingGamesController#update as HTML
I, [2014-07-14T03:38:59.308168 #7613]  INFO -- :   Parameters: {"utf8"=>"", "authenticity_token"=>"BWJifNEnnLPolJuw9/EE/NczCryDqbOQRMNhG7FNHio=", "user_playing_game"=>{"user_id"=>"1", "game_id"=>"1", "is_playing"=>"false"}, "commit"=>"estoy jugando", "id"=>"5"}
I, [2014-07-14T03:38:59.321209 #7613]  INFO -- : Redirected to http://5.101.107.55/
I, [2014-07-14T03:38:59.321507 #7613]  INFO -- : Completed 302 Found in 13ms (ActiveRecord: 7.0ms)
I, [2014-07-14T03:38:59.481789 #7615]  INFO -- : Started GET "/" for 190.53.48.241 at 2014-07-14 03:38:59 +0000
I, [2014-07-14T03:38:59.484872 #7615]  INFO -- : Processing by HomeController#index as HTML
I, [2014-07-14T03:38:59.528903 #7615]  INFO -- :   Rendered home/index.html.erb within layouts/application (33.5ms)
I, [2014-07-14T03:38:59.530750 #7615]  INFO -- : Completed 200 OK in 46ms (Views: 32.6ms | ActiveRecord: 4.3ms)
I, [2014-07-14T03:39:00.194372 #7613]  INFO -- : Started GET "/assets/bunker_ac_logo.png" for 190.53.48.241 at 2014-07-14 03:39:00 +0000
I, [2014-07-14T03:39:02.170088 #7615]  INFO -- : Started PATCH "/user_playing_games/5" for 190.53.48.241 at 2014-07-14 03:39:02 +0000
I, [2014-07-14T03:39:02.173027 #7615]  INFO -- : Processing by UserPlayingGamesController#update as HTML
I, [2014-07-14T03:39:02.173116 #7615]  INFO -- :   Parameters: {"utf8"=>"", "authenticity_token"=>"BWJifNEnnLPolJuw9/EE/NczCryDqbOQRMNhG7FNHio=", "user_playing_game"=>{"user_id"=>"1", "game_id"=>"1", "is_playing"=>"true"}, "commit"=>"estoy jugando", "id"=>"5"}
I, [2014-07-14T03:39:02.184667 #7615]  INFO -- : Redirected to http://5.101.107.55/
I, [2014-07-14T03:39:02.184945 #7615]  INFO -- : Completed 302 Found in 12ms (ActiveRecord: 5.6ms)
I, [2014-07-14T03:39:02.351000 #7613]  INFO -- : Started GET "/" for 190.53.48.241 at 2014-07-14 03:39:02 +0000
I, [2014-07-14T03:39:02.353396 #7613]  INFO -- : Processing by HomeController#index as HTML
I, [2014-07-14T03:39:02.359034 #7613]  INFO -- :   Rendered home/index.html.erb within layouts/application (4.5ms)
I, [2014-07-14T03:39:02.359950 #7613]  INFO -- : Completed 200 OK in 6ms (Views: 5.0ms | ActiveRecord: 0.7ms)
I, [2014-07-14T03:39:02.566529 #7615]  INFO -- : Started GET "/assets/bunker_ac_logo.png" for 190.53.48.241 at 2014-07-14 03:39:02 +0000
I, [2014-07-14T03:39:04.114570 #7615]  INFO -- : Started PATCH "/user_playing_games/5" for 190.53.48.241 at 2014-07-14 03:39:04 +0000
I, [2014-07-14T03:39:04.117020 #7615]  INFO -- : Processing by UserPlayingGamesController#update as HTML
